Archive member included to satisfy reference by file (symbol)

e:/stm32/stm32cubeide_1.7.0/stm32cubeide/plugins/com.st.stm32cube.ide.mcu.externaltools.gnu-tools-for-stm32.9-2020-q2-update.win32_2.0.0.202105311346/tools/bin/../lib/gcc/arm-none-eabi/9.3.1/../../../../arm-none-eabi/lib/thumb/v7e-m+fp/hard\libc_nano.a(lib_a-errno.o)
                              ./Src/syscalls.o (__errno)
e:/stm32/stm32cubeide_1.7.0/stm32cubeide/plugins/com.st.stm32cube.ide.mcu.externaltools.gnu-tools-for-stm32.9-2020-q2-update.win32_2.0.0.202105311346/tools/bin/../lib/gcc/arm-none-eabi/9.3.1/../../../../arm-none-eabi/lib/thumb/v7e-m+fp/hard\libc_nano.a(lib_a-exit.o)
                              e:/stm32/stm32cubeide_1.7.0/stm32cubeide/plugins/com.st.stm32cube.ide.mcu.externaltools.gnu-tools-for-stm32.9-2020-q2-update.win32_2.0.0.202105311346/tools/bin/../lib/gcc/arm-none-eabi/9.3.1/../../../../arm-none-eabi/lib/thumb/v7e-m+fp/hard/crt0.o (exit)
e:/stm32/stm32cubeide_1.7.0/stm32cubeide/plugins/com.st.stm32cube.ide.mcu.externaltools.gnu-tools-for-stm32.9-2020-q2-update.win32_2.0.0.202105311346/tools/bin/../lib/gcc/arm-none-eabi/9.3.1/../../../../arm-none-eabi/lib/thumb/v7e-m+fp/hard\libc_nano.a(lib_a-impure.o)
                              e:/stm32/stm32cubeide_1.7.0/stm32cubeide/plugins/com.st.stm32cube.ide.mcu.externaltools.gnu-tools-for-stm32.9-2020-q2-update.win32_2.0.0.202105311346/tools/bin/../lib/gcc/arm-none-eabi/9.3.1/../../../../arm-none-eabi/lib/thumb/v7e-m+fp/hard\libc_nano.a(lib_a-exit.o) (_global_impure_ptr)
e:/stm32/stm32cubeide_1.7.0/stm32cubeide/plugins/com.st.stm32cube.ide.mcu.externaltools.gnu-tools-for-stm32.9-2020-q2-update.win32_2.0.0.202105311346/tools/bin/../lib/gcc/arm-none-eabi/9.3.1/../../../../arm-none-eabi/lib/thumb/v7e-m+fp/hard\libc_nano.a(lib_a-init.o)
                              e:/stm32/stm32cubeide_1.7.0/stm32cubeide/plugins/com.st.stm32cube.ide.mcu.externaltools.gnu-tools-for-stm32.9-2020-q2-update.win32_2.0.0.202105311346/tools/bin/../lib/gcc/arm-none-eabi/9.3.1/../../../../arm-none-eabi/lib/thumb/v7e-m+fp/hard/crt0.o (__libc_init_array)
e:/stm32/stm32cubeide_1.7.0/stm32cubeide/plugins/com.st.stm32cube.ide.mcu.externaltools.gnu-tools-for-stm32.9-2020-q2-update.win32_2.0.0.202105311346/tools/bin/../lib/gcc/arm-none-eabi/9.3.1/../../../../arm-none-eabi/lib/thumb/v7e-m+fp/hard\libc_nano.a(lib_a-memset.o)
                              e:/stm32/stm32cubeide_1.7.0/stm32cubeide/plugins/com.st.stm32cube.ide.mcu.externaltools.gnu-tools-for-stm32.9-2020-q2-update.win32_2.0.0.202105311346/tools/bin/../lib/gcc/arm-none-eabi/9.3.1/../../../../arm-none-eabi/lib/thumb/v7e-m+fp/hard/crt0.o (memset)
e:/stm32/stm32cubeide_1.7.0/stm32cubeide/plugins/com.st.stm32cube.ide.mcu.externaltools.gnu-tools-for-stm32.9-2020-q2-update.win32_2.0.0.202105311346/tools/bin/../lib/gcc/arm-none-eabi/9.3.1/../../../../arm-none-eabi/lib/thumb/v7e-m+fp/hard\libc_nano.a(lib_a-sprintf.o)
                              ./Src/main.o (sprintf)
e:/stm32/stm32cubeide_1.7.0/stm32cubeide/plugins/com.st.stm32cube.ide.mcu.externaltools.gnu-tools-for-stm32.9-2020-q2-update.win32_2.0.0.202105311346/tools/bin/../lib/gcc/arm-none-eabi/9.3.1/../../../../arm-none-eabi/lib/thumb/v7e-m+fp/hard\libc_nano.a(lib_a-nano-svfprintf.o)
                              e:/stm32/stm32cubeide_1.7.0/stm32cubeide/plugins/com.st.stm32cube.ide.mcu.externaltools.gnu-tools-for-stm32.9-2020-q2-update.win32_2.0.0.202105311346/tools/bin/../lib/gcc/arm-none-eabi/9.3.1/../../../../arm-none-eabi/lib/thumb/v7e-m+fp/hard\libc_nano.a(lib_a-sprintf.o) (_svfprintf_r)
e:/stm32/stm32cubeide_1.7.0/stm32cubeide/plugins/com.st.stm32cube.ide.mcu.externaltools.gnu-tools-for-stm32.9-2020-q2-update.win32_2.0.0.202105311346/tools/bin/../lib/gcc/arm-none-eabi/9.3.1/../../../../arm-none-eabi/lib/thumb/v7e-m+fp/hard\libc_nano.a(lib_a-nano-vfprintf_i.o)
                              e:/stm32/stm32cubeide_1.7.0/stm32cubeide/plugins/com.st.stm32cube.ide.mcu.externaltools.gnu-tools-for-stm32.9-2020-q2-update.win32_2.0.0.202105311346/tools/bin/../lib/gcc/arm-none-eabi/9.3.1/../../../../arm-none-eabi/lib/thumb/v7e-m+fp/hard\libc_nano.a(lib_a-nano-svfprintf.o) (_printf_i)
e:/stm32/stm32cubeide_1.7.0/stm32cubeide/plugins/com.st.stm32cube.ide.mcu.externaltools.gnu-tools-for-stm32.9-2020-q2-update.win32_2.0.0.202105311346/tools/bin/../lib/gcc/arm-none-eabi/9.3.1/../../../../arm-none-eabi/lib/thumb/v7e-m+fp/hard\libc_nano.a(lib_a-memchr.o)
                              e:/stm32/stm32cubeide_1.7.0/stm32cubeide/plugins/com.st.stm32cube.ide.mcu.externaltools.gnu-tools-for-stm32.9-2020-q2-update.win32_2.0.0.202105311346/tools/bin/../lib/gcc/arm-none-eabi/9.3.1/../../../../arm-none-eabi/lib/thumb/v7e-m+fp/hard\libc_nano.a(lib_a-nano-svfprintf.o) (memchr)
[...]
Memory Configuration

Name             Origin             Length             Attributes
RAM              0x0000000020000000 0x0000000000018000 xrw
FLASH            0x0000000008000000 0x0000000000080000 xr
*default*        0x0000000000000000 0xffffffffffffffff

Linker script and memory map

LOAD e:/stm32/stm32cubeide_1.7.0/stm32cubeide/plugins/com.st.stm32cube.ide.mcu.externaltools.gnu-tools-for-stm32.9-2020-q2-update.win32_2.0.0.202105311346/tools/bin/../lib/gcc/arm-none-eabi/9.3.1/thumb/v7e-m+fp/hard/crti.o
LOAD e:/stm32/stm32cubeide_1.7.0/stm32cubeide/plugins/com.st.stm32cube.ide.mcu.externaltools.gnu-tools-for-stm32.9-2020-q2-update.win32_2.0.0.202105311346/tools/bin/../lib/gcc/arm-none-eabi/9.3.1/thumb/v7e-m+fp/hard/crtbegin.o
LOAD e:/stm32/stm32cubeide_1.7.0/stm32cubeide/plugins/com.st.stm32cube.ide.mcu.externaltools.gnu-tools-for-stm32.9-2020-q2-update.win32_2.0.0.202105311346/tools/bin/../lib/gcc/arm-none-eabi/9.3.1/../../../../arm-none-eabi/lib/thumb/v7e-m+fp/hard/crt0.o
LOAD ./Kalman_filter/kalman_filter.o
LOAD ./SDK_1.0.3_NUCLEO-F401RE/shared/Drivers/CMSIS/Source/system_stm32f4xx.o
LOAD ./SDK_1.0.3_NUCLEO-F401RE/shared/Drivers/STM32F401RE_StdPeriph_Driver/src/misc.o
LOAD ./SDK_1.0.3_NUCLEO-F401RE/shared/Drivers/STM32F401RE_StdPeriph_Driver/src/stm32f401re_adc.o
LOAD ./SDK_1.0.3_NUCLEO-F401RE/shared/Drivers/STM32F401RE_StdPeriph_Driver/src/stm32f401re_dma.o
LOAD ./SDK_1.0.3_NUCLEO-F401RE/shared/Drivers/STM32F401RE_StdPeriph_Driver/src/stm32f401re_exti.o
LOAD ./SDK_1.0.3_NUCLEO-F401RE/shared/Drivers/STM32F401RE_StdPeriph_Driver/src/stm32f401re_gpio.o
LOAD ./SDK_1.0.3_NUCLEO-F401RE/shared/Drivers/STM32F401RE_StdPeriph_Driver/src/stm32f401re_i2c.o
LOAD ./SDK_1.0.3_NUCLEO-F401RE/shared/Drivers/STM32F401RE_StdPeriph_Driver/src/stm32f401re_rcc.o
LOAD ./SDK_1.0.3_NUCLEO-F401RE/shared/Drivers/STM32F401RE_StdPeriph_Driver/src/stm32f401re_spi.o
LOAD ./SDK_1.0.3_NUCLEO-F401RE/shared/Drivers/STM32F401RE_StdPeriph_Driver/src/stm32f401re_syscfg.o
LOAD ./SDK_1.0.3_NUCLEO-F401RE/shared/Drivers/STM32F401RE_StdPeriph_Driver/src/stm32f401re_tim.o
LOAD ./SDK_1.0.3_NUCLEO-F401RE/shared/Drivers/STM32F401RE_StdPeriph_Driver/src/stm32f401re_usart.o
LOAD ./SDK_1.0.3_NUCLEO-F401RE/shared/Middle/button/button.o
LOAD ./SDK_1.0.3_NUCLEO-F401RE/shared/Middle/button/eventbutton.o
LOAD ./SDK_1.0.3_NUCLEO-F401RE/shared/Middle/buzzer/buzzer.o
LOAD ./SDK_1.0.3_NUCLEO-F401RE/shared/Middle/buzzer/melody.o
LOAD ./SDK_1.0.3_NUCLEO-F401RE/shared/Middle/led/led.o
LOAD ./SDK_1.0.3_NUCLEO-F401RE/shared/Middle/rtos/eventman.o
LOAD ./SDK_1.0.3_NUCLEO-F401RE/shared/Middle/rtos/timer.o
LOAD ./SDK_1.0.3_NUCLEO-F401RE/shared/Middle/sensor/lightsensor.o
LOAD ./SDK_1.0.3_NUCLEO-F401RE/shared/Middle/sensor/temhumsensor.o
LOAD ./SDK_1.0.3_NUCLEO-F401RE/shared/Middle/serial/serial.o
LOAD ./SDK_1.0.3_NUCLEO-F401RE/shared/Middle/serial/uartcmd.o
LOAD ./SDK_1.0.3_NUCLEO-F401RE/shared/Middle/ucglib/Ucglib.o
LOAD ./SDK_1.0.3_NUCLEO-F401RE/shared/Middle/ucglib/ucg_bitmap.o
LOAD ./SDK_1.0.3_NUCLEO-F401RE/shared/Middle/ucglib/ucg_box.o
LOAD ./SDK_1.0.3_NUCLEO-F401RE/shared/Middle/ucglib/ucg_ccs.o
LOAD ./SDK_1.0.3_NUCLEO-F401RE/shared/Middle/ucglib/ucg_circle.o
LOAD ./SDK_1.0.3_NUCLEO-F401RE/shared/Middle/ucglib/ucg_clip.o
LOAD ./SDK_1.0.3_NUCLEO-F401RE/shared/Middle/ucglib/ucg_com_msg_api.o
LOAD ./SDK_1.0.3_NUCLEO-F401RE/shared/Middle/ucglib/ucg_dev_default_cb.o
LOAD ./SDK_1.0.3_NUCLEO-F401RE/shared/Middle/ucglib/ucg_dev_ic_st7735.o
LOAD ./SDK_1.0.3_NUCLEO-F401RE/shared/Middle/ucglib/ucg_dev_msg_api.o
LOAD ./SDK_1.0.3_NUCLEO-F401RE/shared/Middle/ucglib/ucg_dev_tft_128x128_st7735.o
LOAD ./SDK_1.0.3_NUCLEO-F401RE/shared/Middle/ucglib/ucg_font.o
LOAD ./SDK_1.0.3_NUCLEO-F401RE/shared/Middle/ucglib/ucg_init.o
LOAD ./SDK_1.0.3_NUCLEO-F401RE/shared/Middle/ucglib/ucg_line.o
LOAD ./SDK_1.0.3_NUCLEO-F401RE/shared/Middle/ucglib/ucg_pixel.o
LOAD ./SDK_1.0.3_NUCLEO-F401RE/shared/Middle/ucglib/ucg_pixel_font_data.o
LOAD ./SDK_1.0.3_NUCLEO-F401RE/shared/Middle/ucglib/ucg_polygon.o
LOAD ./SDK_1.0.3_NUCLEO-F401RE/shared/Middle/ucglib/ucg_rotate.o
LOAD ./SDK_1.0.3_NUCLEO-F401RE/shared/Middle/ucglib/ucg_scale.o
LOAD ./SDK_1.0.3_NUCLEO-F401RE/shared/Middle/ucglib/ucg_vector_font_data.o
LOAD ./SDK_1.0.3_NUCLEO-F401RE/shared/Utilities/buff.o
LOAD ./SDK_1.0.3_NUCLEO-F401RE/shared/Utilities/utilities.o
LOAD ./Src/main.o
LOAD ./Src/syscalls.o
LOAD ./Src/sysmem.o
LOAD ./Startup/startup_stm32f401retx.o
LOAD E:\IoT\Application\Funix_303_iot\thuvien\show\SDK_1.0.3_NUCLEO-F401RE\lib_stm\libLibraries.a
START GROUP
LOAD e:/stm32/stm32cubeide_1.7.0/stm32cubeide/plugins/com.st.stm32cube.ide.mcu.externaltools.gnu-tools-for-stm32.9-2020-q2-update.win32_2.0.0.202105311346/tools/bin/../lib/gcc/arm-none-eabi/9.3.1/../../../../arm-none-eabi/lib/thumb/v7e-m+fp/hard\libc_nano.a
LOAD e:/stm32/stm32cubeide_1.7.0/stm32cubeide/plugins/com.st.stm32cube.ide.mcu.externaltools.gnu-tools-for-stm32.9-2020-q2-update.win32_2.0.0.202105311346/tools/bin/../lib/gcc/arm-none-eabi/9.3.1/../../../../arm-none-eabi/lib/thumb/v7e-m+fp/hard\libm.a
END GROUP
START GROUP
LOAD e:/stm32/stm32cubeide_1.7.0/stm32cubeide/plugins/com.st.stm32cube.ide.mcu.externaltools.gnu-tools-for-stm32.9-2020-q2-update.win32_2.0.0.202105311346/tools/bin/../lib/gcc/arm-none-eabi/9.3.1/thumb/v7e-m+fp/hard\libgcc.a
LOAD e:/stm32/stm32cubeide_1.7.0/stm32cubeide/plugins/com.st.stm32cube.ide.mcu.externaltools.gnu-tools-for-stm32.9-2020-q2-update.win32_2.0.0.202105311346/tools/bin/../lib/gcc/arm-none-eabi/9.3.1/../../../../arm-none-eabi/lib/thumb/v7e-m+fp/hard\libc_nano.a
END GROUP
START GROUP
LOAD e:/stm32/stm32cubeide_1.7.0/stm32cubeide/plugins/com.st.stm32cube.ide.mcu.externaltools.gnu-tools-for-stm32.9-2020-q2-update.win32_2.0.0.202105311346/tools/bin/../lib/gcc/arm-none-eabi/9.3.1/thumb/v7e-m+fp/hard\libgcc.a
LOAD e:/stm32/stm32cubeide_1.7.0/stm32cubeide/plugins/com.st.stm32cube.ide.mcu.externaltools.gnu-tools-for-stm32.9-2020-q2-update.win32_2.0.0.202105311346/tools/bin/../lib/gcc/arm-none-eabi/9.3.1/../../../../arm-none-eabi/lib/thumb/v7e-m+fp/hard\libc_nano.a
LOAD e:/stm32/stm32cubeide_1.7.0/stm32cubeide/plugins/com.st.stm32cube.ide.mcu.externaltools.gnu-tools-for-stm32.9-2020-q2-update.win32_2.0.0.202105311346/tools/bin/../lib/gcc/arm-none-eabi/9.3.1/../../../../arm-none-eabi/lib/thumb/v7e-m+fp/hard\libnosys.a
END GROUP
START GROUP
LOAD e:/stm32/stm32cubeide_1.7.0/stm32cubeide/plugins/com.st.stm32cube.ide.mcu.externaltools.gnu-tools-for-stm32.9-2020-q2-update.win32_2.0.0.202105311346/tools/bin/../lib/gcc/arm-none-eabi/9.3.1/thumb/v7e-m+fp/hard\libgcc.a
LOAD e:/stm32/stm32cubeide_1.7.0/stm32cubeide/plugins/com.st.stm32cube.ide.mcu.externaltools.gnu-tools-for-stm32.9-2020-q2-update.win32_2.0.0.202105311346/tools/bin/../lib/gcc/arm-none-eabi/9.3.1/../../../../arm-none-eabi/lib/thumb/v7e-m+fp/hard\libc_nano.a
LOAD e:/stm32/stm32cubeide_1.7.0/stm32cubeide/plugins/com.st.stm32cube.ide.mcu.externaltools.gnu-tools-for-stm32.9-2020-q2-update.win32_2.0.0.202105311346/tools/bin/../lib/gcc/arm-none-eabi/9.3.1/../../../../arm-none-eabi/lib/thumb/v7e-m+fp/hard\libnosys.a
END GROUP
LOAD e:/stm32/stm32cubeide_1.7.0/stm32cubeide/plugins/com.st.stm32cube.ide.mcu.externaltools.gnu-tools-for-stm32.9-2020-q2-update.win32_2.0.0.202105311346/tools/bin/../lib/gcc/arm-none-eabi/9.3.1/thumb/v7e-m+fp/hard/crtend.o
LOAD e:/stm32/stm32cubeide_1.7.0/stm32cubeide/plugins/com.st.stm32cube.ide.mcu.externaltools.gnu-tools-for-stm32.9-2020-q2-update.win32_2.0.0.202105311346/tools/bin/../lib/gcc/arm-none-eabi/9.3.1/thumb/v7e-m+fp/hard/crtn.o
                0x0000000020018000                _estack = (ORIGIN (RAM) + LENGTH (RAM))
                0x0000000000000200                _Min_Heap_Size = 0x200
                0x0000000000000400                _Min_Stack_Size = 0x400

.isr_vector     0x0000000008000000      0x194
                0x0000000008000000                . = ALIGN (0x4)
 *(.isr_vector)
 .isr_vector    0x0000000008000000      0x194 ./Startup/startup_stm32f401retx.o
                0x0000000008000000                g_pfnVectors
                0x0000000008000194                . = ALIGN (0x4)

.text           0x00000000080001a0     0x4d94
                0x00000000080001a0                . = ALIGN (0x4)
 *(.text)
 .text          0x00000000080001a0       0x40 e:/stm32/stm32cubeide_1.7.0/stm32cubeide/plugins/com.st.stm32cube.ide.mcu.externaltools.gnu-tools-for-stm32.9-2020-q2-update.win32_2.0.0.202105311346/tools/bin/../lib/gcc/arm-none-eabi/9.3.1/thumb/v7e-m+fp/hard/crtbegin.o
 .text          0x00000000080001e0       0xa0 e:/stm32/stm32cubeide_1.7.0/stm32cubeide/plugins/com.st.stm32cube.ide.mcu.externaltools.gnu-tools-for-stm32.9-2020-q2-update.win32_2.0.0.202105311346/tools/bin/../lib/gcc/arm-none-eabi/9.3.1/../../../../arm-none-eabi/lib/thumb/v7e-m+fp/hard\libc_nano.a(lib_a-memchr.o)
                0x00000000080001e0                memchr
 .text          0x0000000008000280      0x254 e:/stm32/stm32cubeide_1.7.0/stm32cubeide/plugins/com.st.stm32cube.ide.mcu.externaltools.gnu-tools-for-stm32.9-2020-q2-update.win32_2.0.0.202105311346/tools/bin/../lib/gcc/arm-none-eabi/9.3.1/thumb/v7e-m+fp/hard\libgcc.a(_arm_muldf3.o)
                0x0000000008000280                __muldf3
                0x0000000008000280                __aeabi_dmul
 .text          0x00000000080004d4      0x378 e:/stm32/stm32cubeide_1.7.0/stm32cubeide/plugins/com.st.stm32cube.ide.mcu.externaltools.gnu-tools-for-stm32.9-2020-q2-update.win32_2.0.0.202105311346/tools/bin/../lib/gcc/arm-none-eabi/9.3.1/thumb/v7e-m+fp/hard\libgcc.a(_arm_addsubdf3.o)
                0x00000000080004d4                __aeabi_drsub
                0x00000000080004dc                __aeabi_dsub
                0x00000000080004dc                __subdf3
                0x00000000080004e0                __aeabi_dadd
                0x00000000080004e0                __adddf3
                0x0000000008000758                __floatunsidf
                0x0000000008000758                __aeabi_ui2d
                0x0000000008000778                __floatsidf
                0x0000000008000778                __aeabi_i2d
                0x000000000800079c                __aeabi_f2d
                0x000000000800079c                __extendsfdf2
                0x00000000080007e0                __floatundidf
                0x00000000080007e0                __aeabi_ul2d
                0x00000000080007f0                __floatdidf
                0x00000000080007f0                __aeabi_l2d
 .text          0x000000000800084c       0xa0 e:/stm32/stm32cubeide_1.7.0/stm32cubeide/plugins/com.st.stm32cube.ide.mcu.externaltools.gnu-tools-for-stm32.9-2020-q2-update.win32_2.0.0.202105311346/tools/bin/../lib/gcc/arm-none-eabi/9.3.1/thumb/v7e-m+fp/hard\libgcc.a(_arm_truncdfsf2.o)
                0x000000000800084c                __truncdfsf2
                0x000000000800084c                __aeabi_d2f
 *(.text*)
 .text.KalmanFilterInit
                0x00000000080008ec       0x3c ./Kalman_filter/kalman_filter.o
                0x00000000080008ec                KalmanFilterInit
 .text.KalmanFilter_updateEstimate
                0x0000000008000928      0x120 ./Kalman_filter/kalman_filter.o
                0x0000000008000928                KalmanFilter_updateEstimate
 .text.SystemInit
                0x0000000008000a48       0x6c ./SDK_1.0.3_NUCLEO-F401RE/shared/Drivers/CMSIS/Source/system_stm32f4xx.o
                0x0000000008000a48                SystemInit
 .text.SystemCoreClockUpdate
                0x0000000008000ab4      0x104 ./SDK_1.0.3_NUCLEO-F401RE/shared/Drivers/CMSIS/Source/system_stm32f4xx.o
                0x0000000008000ab4                SystemCoreClockUpdate
 .text.SetSysClock
                0x0000000008000bb8       0xa4 ./SDK_1.0.3_NUCLEO-F401RE/shared/Drivers/CMSIS/Source/system_stm32f4xx.o
 .text.ADC_DeInit
                0x0000000008000c5c       0x1c ./SDK_1.0.3_NUCLEO-F401RE/shared/Drivers/STM32F401RE_StdPeriph_Driver/src/stm32f401re_adc.o
                0x0000000008000c5c                ADC_DeInit
 .text.ADC_Init
                0x0000000008000c78       0xac ./SDK_1.0.3_NUCLEO-F401RE/shared/Drivers/STM32F401RE_StdPeriph_Driver/src/stm32f401re_adc.o
                0x0000000008000c78                ADC_Init
 .text.ADC_CommonInit
                0x0000000008000d24       0x50 ./SDK_1.0.3_NUCLEO-F401RE/shared/Drivers/STM32F401RE_StdPeriph_Driver/src/stm32f401re_adc.o
                0x0000000008000d24                ADC_CommonInit
 .text.ADC_Cmd  0x0000000008000d74       0x38 ./SDK_1.0.3_NUCLEO-F401RE/shared/Drivers/STM32F401RE_StdPeriph_Driver/src/stm32f401re_adc.o
                0x0000000008000d74                ADC_Cmd
 .text.ADC_RegularChannelConfig
                0x0000000008000dac      0x194 ./SDK_1.0.3_NUCLEO-F401RE/shared/Drivers/STM32F401RE_StdPeriph_Driver/src/stm32f401re_adc.o
                0x0000000008000dac                ADC_RegularChannelConfig
 .text.ADC_SoftwareStartConv
                0x0000000008000f40       0x20 ./SDK_1.0.3_NUCLEO-F401RE/shared/Drivers/STM32F401RE_StdPeriph_Driver/src/stm32f401re_adc.o
                0x0000000008000f40                ADC_SoftwareStartConv
 .text.ADC_EOCOnEachRegularChannelCmd
                0x0000000008000f60       0x38 ./SDK_1.0.3_NUCLEO-F401RE/shared/Drivers/STM32F401RE_StdPeriph_Driver/src/stm32f401re_adc.o
                0x0000000008000f60                ADC_EOCOnEachRegularChannelCmd
 .text.ADC_ContinuousModeCmd
                0x0000000008000f98       0x38 ./SDK_1.0.3_NUCLEO-F401RE/shared/Drivers/STM32F401RE_StdPeriph_Driver/src/stm32f401re_adc.o
                0x0000000008000f98                ADC_ContinuousModeCmd
 .text.ADC_DiscModeChannelCountConfig
                0x0000000008000fd0       0x44 ./SDK_1.0.3_NUCLEO-F401RE/shared/Drivers/STM32F401RE_StdPeriph_Driver/src/stm32f401re_adc.o
                0x0000000008000fd0                ADC_DiscModeChannelCountConfig
 .text.ADC_DiscModeCmd
                0x0000000008001014       0x38 ./SDK_1.0.3_NUCLEO-F401RE/shared/Drivers/STM32F401RE_StdPeriph_Driver/src/stm32f401re_adc.o
                0x0000000008001014                ADC_DiscModeCmd
 .text.ADC_GetConversionValue
                0x000000000800104c       0x1a ./SDK_1.0.3_NUCLEO-F401RE/shared/Drivers/STM32F401RE_StdPeriph_Driver/src/stm32f401re_adc.o
                0x000000000800104c                ADC_GetConversionValue
 .text.ADC_GetFlagStatus
                0x0000000008001066       0x34 ./SDK_1.0.3_NUCLEO-F401RE/shared/Drivers/STM32F401RE_StdPeriph_Driver/src/stm32f401re_adc.o
                0x0000000008001066                ADC_GetFlagStatus
 .text.GPIO_Init
                0x000000000800109a      0x11e ./SDK_1.0.3_NUCLEO-F401RE/shared/Drivers/STM32F401RE_StdPeriph_Driver/src/stm32f401re_gpio.o
                0x000000000800109a                GPIO_Init
 .text.GPIO_WriteBit
                0x00000000080011b8       0x30 ./SDK_1.0.3_NUCLEO-F401RE/shared/Drivers/STM32F401RE_StdPeriph_Driver/src/stm32f401re_gpio.o
                0x00000000080011b8                GPIO_WriteBit
 .text.GPIO_PinAFConfig
                0x00000000080011e8       0x92 ./SDK_1.0.3_NUCLEO-F401RE/shared/Drivers/STM32F401RE_StdPeriph_Driver/src/stm32f401re_gpio.o
                0x00000000080011e8                GPIO_PinAFConfig
 *fill*         0x000000000800127a        0x2 
 .text.RCC_GetClocksFreq
                0x000000000800127c      0x15c ./SDK_1.0.3_NUCLEO-F401RE/shared/Drivers/STM32F401RE_StdPeriph_Driver/src/stm32f401re_rcc.o
                0x000000000800127c                RCC_GetClocksFreq
 .text.RCC_AHB1PeriphClockCmd
                0x00000000080013d8       0x40 ./SDK_1.0.3_NUCLEO-F401RE/shared/Drivers/STM32F401RE_StdPeriph_Driver/src/stm32f401re_rcc.o
                0x00000000080013d8                RCC_AHB1PeriphClockCmd
 .text.RCC_APB2PeriphClockCmd
                0x0000000008001418       0x40 ./SDK_1.0.3_NUCLEO-F401RE/shared/Drivers/STM32F401RE_StdPeriph_Driver/src/stm32f401re_rcc.o
                0x0000000008001418                RCC_APB2PeriphClockCmd
 .text.RCC_APB2PeriphResetCmd
                0x0000000008001458       0x40 ./SDK_1.0.3_NUCLEO-F401RE/shared/Drivers/STM32F401RE_StdPeriph_Driver/src/stm32f401re_rcc.o
                0x0000000008001458                RCC_APB2PeriphResetCmd
 .text.TIM_TimeBaseInit
                0x0000000008001498       0xd8 ./SDK_1.0.3_NUCLEO-F401RE/shared/Drivers/STM32F401RE_StdPeriph_Driver/src/stm32f401re_tim.o
                0x0000000008001498                TIM_TimeBaseInit
 .text.TIM_Cmd  0x0000000008001570       0x40 ./SDK_1.0.3_NUCLEO-F401RE/shared/Drivers/STM32F401RE_StdPeriph_Driver/src/stm32f401re_tim.o
                0x0000000008001570                TIM_Cmd
 .text.TIM_OC4Init
                0x00000000080015b0       0xd0 ./SDK_1.0.3_NUCLEO-F401RE/shared/Drivers/STM32F401RE_StdPeriph_Driver/src/stm32f401re_tim.o
                0x00000000080015b0                TIM_OC4Init
 .text.TIM_SetCompare4
                0x0000000008001680       0x1c ./SDK_1.0.3_NUCLEO-F401RE/shared/Drivers/STM32F401RE_StdPeriph_Driver/src/stm32f401re_tim.o
                0x0000000008001680                TIM_SetCompare4
 .text.TIM_CtrlPWMOutputs
                0x000000000800169c       0x4c ./SDK_1.0.3_NUCLEO-F401RE/shared/Drivers/STM32F401RE_StdPeriph_Driver/src/stm32f401re_tim.o
                0x000000000800169c                TIM_CtrlPWMOutputs
 .text.USART_ReceiveData
                0x00000000080016e8       0x20 ./SDK_1.0.3_NUCLEO-F401RE/shared/Drivers/STM32F401RE_StdPeriph_Driver/src/stm32f401re_usart.o
                0x00000000080016e8                USART_ReceiveData
 .text.USART_GetITStatus
                0x0000000008001708       0xb6 ./SDK_1.0.3_NUCLEO-F401RE/shared/Drivers/STM32F401RE_StdPeriph_Driver/src/stm32f401re_usart.o
                0x0000000008001708                USART_GetITStatus
 .text.USART_ClearITPendingBit
                0x00000000080017be       0x3a ./SDK_1.0.3_NUCLEO-F401RE/shared/Drivers/STM32F401RE_StdPeriph_Driver/src/stm32f401re_usart.o
                0x00000000080017be                USART_ClearITPendingBit
 .text.NVIC_SetPriority
                0x00000000080017f8       0x54 ./SDK_1.0.3_NUCLEO-F401RE/shared/Middle/rtos/timer.o
 .text.SysTick_Config
                0x000000000800184c       0x44 ./SDK_1.0.3_NUCLEO-F401RE/shared/Middle/rtos/timer.o
 .text.TimerInit
                0x0000000008001890       0x44 ./SDK_1.0.3_NUCLEO-F401RE/shared/Middle/rtos/timer.o
                0x0000000008001890                TimerInit
 .text.TimerStart
                0x00000000080018d4       0xc4 ./SDK_1.0.3_NUCLEO-F401RE/shared/Middle/rtos/timer.o
                0x00000000080018d4                TimerStart
 .text.TimerStop
                0x0000000008001998       0xa0 ./SDK_1.0.3_NUCLEO-F401RE/shared/Middle/rtos/timer.o
                0x0000000008001998                TimerStop
 .text.GetMilSecTick
                0x0000000008001a38       0x18 ./SDK_1.0.3_NUCLEO-F401RE/shared/Middle/rtos/timer.o
                0x0000000008001a38                GetMilSecTick
 .text.processTimerScheduler
                0x0000000008001a50       0xf4 ./SDK_1.0.3_NUCLEO-F401RE/shared/Middle/rtos/timer.o
                0x0000000008001a50                processTimerScheduler
 .text.TimeExpired
                0x0000000008001b44       0xd4 ./SDK_1.0.3_NUCLEO-F401RE/shared/Middle/rtos/timer.o
 .text.SysTick_Handler
                0x0000000008001c18       0x1c ./SDK_1.0.3_NUCLEO-F401RE/shared/Middle/rtos/timer.o
                0x0000000008001c18                SysTick_Handler
 .text.USART2_IRQHandler
                0x0000000008001c34       0x54 ./SDK_1.0.3_NUCLEO-F401RE/shared/Middle/serial/serial.o
                0x0000000008001c34                USART2_IRQHandler
 .text.delayMicroseconds
                0x0000000008001c88       0x14 ./SDK_1.0.3_NUCLEO-F401RE/shared/Middle/ucglib/Ucglib.o
 .text.ucg_gpio_init
                0x0000000008001c9c       0x60 ./SDK_1.0.3_NUCLEO-F401RE/shared/Middle/ucglib/Ucglib.o
 .text.ucg_com_arduino_send_generic_SW_SPI
                0x0000000008001cfc       0x74 ./SDK_1.0.3_NUCLEO-F401RE/shared/Middle/ucglib/Ucglib.o
 .text.ucg_com_arduino_generic_SW_SPI
                0x0000000008001d70      0x1ec ./SDK_1.0.3_NUCLEO-F401RE/shared/Middle/ucglib/Ucglib.o
 .text.Ucglib4WireSWSPI_begin
                0x0000000008001f5c       0x38 ./SDK_1.0.3_NUCLEO-F401RE/shared/Middle/ucglib/Ucglib.o
                0x0000000008001f5c                Ucglib4WireSWSPI_begin
 .text.ucg_DrawBox
                0x0000000008001f94       0x58 ./SDK_1.0.3_NUCLEO-F401RE/shared/Middle/ucglib/ucg_box.o
                0x0000000008001f94                ucg_DrawBox
 .text.ucg_ClearScreen
                0x0000000008001fec       0x50 ./SDK_1.0.3_NUCLEO-F401RE/shared/Middle/ucglib/ucg_box.o
                0x0000000008001fec                ucg_ClearScreen
 .text.ucg_ccs_init
                0x000000000800203c       0xc0 ./SDK_1.0.3_NUCLEO-F401RE/shared/Middle/ucglib/ucg_ccs.o
                0x000000000800203c                ucg_ccs_init
 .text.ucg_ccs_step
                0x00000000080020fc       0x80 ./SDK_1.0.3_NUCLEO-F401RE/shared/Middle/ucglib/ucg_ccs.o
                0x00000000080020fc                ucg_ccs_step
 .text.ucg_ccs_seek
                0x000000000800217c       0xca ./SDK_1.0.3_NUCLEO-F401RE/shared/Middle/ucglib/ucg_ccs.o
                0x000000000800217c                ucg_ccs_seek
 .text.ucg_clip_is_x_visible
                0x0000000008002246       0x4a ./SDK_1.0.3_NUCLEO-F401RE/shared/Middle/ucglib/ucg_clip.o
 .text.ucg_clip_is_y_visible
                0x0000000008002290       0x4a ./SDK_1.0.3_NUCLEO-F401RE/shared/Middle/ucglib/ucg_clip.o
 .text.ucg_clip_intersection
                0x00000000080022da       0x74 ./SDK_1.0.3_NUCLEO-F401RE/shared/Middle/ucglib/ucg_clip.o
 .text.ucg_clip_is_pixel_visible
                0x000000000800234e       0x32 ./SDK_1.0.3_NUCLEO-F401RE/shared/Middle/ucglib/ucg_clip.o
                0x000000000800234e                ucg_clip_is_pixel_visible
 .text.ucg_clip_l90fx
                0x0000000008002380      0x300 ./SDK_1.0.3_NUCLEO-F401RE/shared/Middle/ucglib/ucg_clip.o
                0x0000000008002380                ucg_clip_l90fx
 .text.ucg_clip_l90se
                0x0000000008002680       0x54 ./SDK_1.0.3_NUCLEO-F401RE/shared/Middle/ucglib/ucg_clip.o
                0x0000000008002680                ucg_clip_l90se
 .text.ucg_com_PowerDown
                0x00000000080026d4       0x3e ./SDK_1.0.3_NUCLEO-F401RE/shared/Middle/ucglib/ucg_com_msg_api.o
                0x00000000080026d4                ucg_com_PowerDown
 .text.ucg_com_PowerUp
                0x0000000008002712       0x60 ./SDK_1.0.3_NUCLEO-F401RE/shared/Middle/ucglib/ucg_com_msg_api.o
                0x0000000008002712                ucg_com_PowerUp
 .text.ucg_com_SetLineStatus
                0x0000000008002772       0xe2 ./SDK_1.0.3_NUCLEO-F401RE/shared/Middle/ucglib/ucg_com_msg_api.o
                0x0000000008002772                ucg_com_SetLineStatus
 .text.ucg_com_SetResetLineStatus
                0x0000000008002854       0x20 ./SDK_1.0.3_NUCLEO-F401RE/shared/Middle/ucglib/ucg_com_msg_api.o
                0x0000000008002854                ucg_com_SetResetLineStatus
 .text.ucg_com_SetCSLineStatus
                0x0000000008002874       0x20 ./SDK_1.0.3_NUCLEO-F401RE/shared/Middle/ucglib/ucg_com_msg_api.o
                0x0000000008002874                ucg_com_SetCSLineStatus
 .text.ucg_com_SetCDLineStatus
                0x0000000008002894       0x20 ./SDK_1.0.3_NUCLEO-F401RE/shared/Middle/ucglib/ucg_com_msg_api.o
                0x0000000008002894                ucg_com_SetCDLineStatus
 .text.ucg_com_DelayMicroseconds
                0x00000000080028b4       0x22 ./SDK_1.0.3_NUCLEO-F401RE/shared/Middle/ucglib/ucg_com_msg_api.o
                0x00000000080028b4                ucg_com_DelayMicroseconds
 .text.ucg_com_DelayMilliseconds
                0x00000000080028d6       0x2e ./SDK_1.0.3_NUCLEO-F401RE/shared/Middle/ucglib/ucg_com_msg_api.o
                0x00000000080028d6                ucg_com_DelayMilliseconds
 .text.ucg_com_SendByte
                0x0000000008002904       0x24 ./SDK_1.0.3_NUCLEO-F401RE/shared/Middle/ucglib/ucg_com_msg_api.o
                0x0000000008002904                ucg_com_SendByte
 .text.ucg_com_SendStringP
                0x0000000008002928       0x42 ./SDK_1.0.3_NUCLEO-F401RE/shared/Middle/ucglib/ucg_com_msg_api.o
                0x0000000008002928                ucg_com_SendStringP
 .text.ucg_com_SendCmdArg
                0x000000000800296a       0x74 ./SDK_1.0.3_NUCLEO-F401RE/shared/Middle/ucglib/ucg_com_msg_api.o
 *fill*         0x00000000080029de        0x2 
 .text.ucg_com_SendCmdSeq
                0x00000000080029e0      0x27c ./SDK_1.0.3_NUCLEO-F401RE/shared/Middle/ucglib/ucg_com_msg_api.o
                0x00000000080029e0                ucg_com_SendCmdSeq
 .text.ucg_dev_default_cb
                0x0000000008002c5c       0x44 ./SDK_1.0.3_NUCLEO-F401RE/shared/Middle/ucglib/ucg_dev_default_cb.o
                0x0000000008002c5c                ucg_dev_default_cb
 .text.ucg_ext_none
                0x0000000008002ca0       0x1c ./SDK_1.0.3_NUCLEO-F401RE/shared/Middle/ucglib/ucg_dev_default_cb.o
                0x0000000008002ca0                ucg_ext_none
 .text.ucg_handle_st7735_l90fx
                0x0000000008002cbc       0xdc ./SDK_1.0.3_NUCLEO-F401RE/shared/Middle/ucglib/ucg_dev_ic_st7735.o
                0x0000000008002cbc                ucg_handle_st7735_l90fx
 .text.ucg_handle_st7735_l90se
                0x0000000008002d98      0x15c ./SDK_1.0.3_NUCLEO-F401RE/shared/Middle/ucglib/ucg_dev_ic_st7735.o
                0x0000000008002d98                ucg_handle_st7735_l90se
 .text.ucg_dev_ic_st7735_18
                0x0000000008002ef4       0xf8 ./SDK_1.0.3_NUCLEO-F401RE/shared/Middle/ucglib/ucg_dev_ic_st7735.o
                0x0000000008002ef4                ucg_dev_ic_st7735_18
 .text.ucg_ext_st7735_18
                0x0000000008002fec       0x28 ./SDK_1.0.3_NUCLEO-F401RE/shared/Middle/ucglib/ucg_dev_ic_st7735.o
                0x0000000008002fec                ucg_ext_st7735_18
 .text.ucg_PowerDown
                0x0000000008003014       0x34 ./SDK_1.0.3_NUCLEO-F401RE/shared/Middle/ucglib/ucg_dev_msg_api.o
                0x0000000008003014                ucg_PowerDown
 .text.ucg_PowerUp
                0x0000000008003048       0x3c ./SDK_1.0.3_NUCLEO-F401RE/shared/Middle/ucglib/ucg_dev_msg_api.o
                0x0000000008003048                ucg_PowerUp
 .text.ucg_SetClipBox
                0x0000000008003084       0x1e ./SDK_1.0.3_NUCLEO-F401RE/shared/Middle/ucglib/ucg_dev_msg_api.o
                0x0000000008003084                ucg_SetClipBox
 .text.ucg_SetMaxClipRange
                0x00000000080030a2       0x30 ./SDK_1.0.3_NUCLEO-F401RE/shared/Middle/ucglib/ucg_dev_msg_api.o
                0x00000000080030a2                ucg_SetMaxClipRange
 .text.ucg_GetDimension
                0x00000000080030d2       0x24 ./SDK_1.0.3_NUCLEO-F401RE/shared/Middle/ucglib/ucg_dev_msg_api.o
                0x00000000080030d2                ucg_GetDimension
 .text.ucg_DrawL90FXWithArg
                0x00000000080030f6       0x1e ./SDK_1.0.3_NUCLEO-F401RE/shared/Middle/ucglib/ucg_dev_msg_api.o
                0x00000000080030f6                ucg_DrawL90FXWithArg
 .text.ucg_dev_st7735_18x128x128
                0x0000000008003114       0x88 ./SDK_1.0.3_NUCLEO-F401RE/shared/Middle/ucglib/ucg_dev_tft_128x128_st7735.o
                0x0000000008003114                ucg_dev_st7735_18x128x128
 .text.ucg_font_get_byte
                0x000000000800319c       0x24 ./SDK_1.0.3_NUCLEO-F401RE/shared/Middle/ucglib/ucg_font.o
 .text.ucg_font_get_word
                0x00000000080031c0       0x40 ./SDK_1.0.3_NUCLEO-F401RE/shared/Middle/ucglib/ucg_font.o
 .text.ucg_read_font_info
                0x0000000008003200      0x142 ./SDK_1.0.3_NUCLEO-F401RE/shared/Middle/ucglib/ucg_font.o
                0x0000000008003200                ucg_read_font_info
 .text.ucg_font_decode_get_unsigned_bits
                0x0000000008003342       0x96 ./SDK_1.0.3_NUCLEO-F401RE/shared/Middle/ucglib/ucg_font.o
                0x0000000008003342                ucg_font_decode_get_unsigned_bits
 .text.ucg_font_decode_get_signed_bits
                0x00000000080033d8       0x46 ./SDK_1.0.3_NUCLEO-F401RE/shared/Middle/ucglib/ucg_font.o
                0x00000000080033d8                ucg_font_decode_get_signed_bits
 .text.ucg_add_vector_y
                0x000000000800341e       0x80 ./SDK_1.0.3_NUCLEO-F401RE/shared/Middle/ucglib/ucg_font.o
 .text.ucg_add_vector_x
                0x000000000800349e       0x80 ./SDK_1.0.3_NUCLEO-F401RE/shared/Middle/ucglib/ucg_font.o
 .text.ucg_font_decode_len
                0x000000000800351e      0x114 ./SDK_1.0.3_NUCLEO-F401RE/shared/Middle/ucglib/ucg_font.o
                0x000000000800351e                ucg_font_decode_len
 .text.ucg_font_setup_decode
                0x0000000008003632       0x64 ./SDK_1.0.3_NUCLEO-F401RE/shared/Middle/ucglib/ucg_font.o
 .text.ucg_font_decode_glyph
                0x0000000008003696      0x14c ./SDK_1.0.3_NUCLEO-F401RE/shared/Middle/ucglib/ucg_font.o
                0x0000000008003696                ucg_font_decode_glyph
 .text.ucg_font_get_glyph_data
                0x00000000080037e2       0x7a ./SDK_1.0.3_NUCLEO-F401RE/shared/Middle/ucglib/ucg_font.o
                0x00000000080037e2                ucg_font_get_glyph_data
 .text.ucg_font_draw_glyph
                0x000000000800385c       0x62 ./SDK_1.0.3_NUCLEO-F401RE/shared/Middle/ucglib/ucg_font.o
                0x000000000800385c                ucg_font_draw_glyph
 .text.ucg_SetFontMode
                0x00000000080038be       0x20 ./SDK_1.0.3_NUCLEO-F401RE/shared/Middle/ucglib/ucg_font.o
                0x00000000080038be                ucg_SetFontMode
 *fill*         0x00000000080038de        0x2 
 .text.ucg_DrawGlyph
                0x00000000080038e0       0xb0 ./SDK_1.0.3_NUCLEO-F401RE/shared/Middle/ucglib/ucg_font.o
                0x00000000080038e0                ucg_DrawGlyph
 .text.task_drawString
                0x0000000008003990      0x138 ./SDK_1.0.3_NUCLEO-F401RE/shared/Middle/ucglib/ucg_font.o
                0x0000000008003990                task_drawString
 .text.ucg_DrawString
                0x0000000008003ac8       0x78 ./SDK_1.0.3_NUCLEO-F401RE/shared/Middle/ucglib/ucg_font.o
                0x0000000008003ac8                ucg_DrawString
 .text.ucg_UpdateRefHeight
                0x0000000008003b40       0xd8 ./SDK_1.0.3_NUCLEO-F401RE/shared/Middle/ucglib/ucg_font.o
                0x0000000008003b40                ucg_UpdateRefHeight
 .text.ucg_font_calc_vref_font
                0x0000000008003c18       0x16 ./SDK_1.0.3_NUCLEO-F401RE/shared/Middle/ucglib/ucg_font.o
                0x0000000008003c18                ucg_font_calc_vref_font
 *fill*         0x0000000008003c2e        0x2 
 .text.ucg_SetFontPosBaseline
                0x0000000008003c30       0x20 ./SDK_1.0.3_NUCLEO-F401RE/shared/Middle/ucglib/ucg_font.o
                0x0000000008003c30                ucg_SetFontPosBaseline
 .text.ucg_SetFont
                0x0000000008003c50       0x4c ./SDK_1.0.3_NUCLEO-F401RE/shared/Middle/ucglib/ucg_font.o
                0x0000000008003c50                ucg_SetFont
 .text.ucg_init_struct
                0x0000000008003c9c       0x50 ./SDK_1.0.3_NUCLEO-F401RE/shared/Middle/ucglib/ucg_init.o
                0x0000000008003c9c                ucg_init_struct
 .text.ucg_Init
                0x0000000008003cec       0x5c ./SDK_1.0.3_NUCLEO-F401RE/shared/Middle/ucglib/ucg_init.o
                0x0000000008003cec                ucg_Init
 .text.ucg_Draw90Line
                0x0000000008003d48       0x88 ./SDK_1.0.3_NUCLEO-F401RE/shared/Middle/ucglib/ucg_line.o
                0x0000000008003d48                ucg_Draw90Line
 .text.ucg_DrawHLine
                0x0000000008003dd0       0x3c ./SDK_1.0.3_NUCLEO-F401RE/shared/Middle/ucglib/ucg_line.o
                0x0000000008003dd0                ucg_DrawHLine
 .text.ucg_SetColor
                0x0000000008003e0c       0x5c ./SDK_1.0.3_NUCLEO-F401RE/shared/Middle/ucglib/ucg_pixel.o
                0x0000000008003e0c                ucg_SetColor
 .text.ucg_UndoRotate
                0x0000000008003e68       0x32 ./SDK_1.0.3_NUCLEO-F401RE/shared/Middle/ucglib/ucg_rotate.o
                0x0000000008003e68                ucg_UndoRotate
 .text.ucg_rotate_180_xy
                0x0000000008003e9a       0x66 ./SDK_1.0.3_NUCLEO-F401RE/shared/Middle/ucglib/ucg_rotate.o
 .text.ucg_dev_rotate180
                0x0000000008003f00      0x100 ./SDK_1.0.3_NUCLEO-F401RE/shared/Middle/ucglib/ucg_rotate.o
                0x0000000008003f00                ucg_dev_rotate180
 .text.ucg_SetRotate180
                0x0000000008004000       0x34 ./SDK_1.0.3_NUCLEO-F401RE/shared/Middle/ucglib/ucg_rotate.o
                0x0000000008004000                ucg_SetRotate180
 .text.bufInit  0x0000000008004034       0x36 ./SDK_1.0.3_NUCLEO-F401RE/shared/Utilities/buff.o
                0x0000000008004034                bufInit
 .text.bufNumItems
                0x000000000800406a       0x18 ./SDK_1.0.3_NUCLEO-F401RE/shared/Utilities/buff.o
                0x000000000800406a                bufNumItems
 .text.bufIsFull
                0x0000000008004082       0x26 ./SDK_1.0.3_NUCLEO-F401RE/shared/Utilities/buff.o
                0x0000000008004082                bufIsFull
 .text.bufIsEmpty
                0x00000000080040a8       0x26 ./SDK_1.0.3_NUCLEO-F401RE/shared/Utilities/buff.o
                0x00000000080040a8                bufIsEmpty
 .text.bufFlush
                0x00000000080040ce       0x32 ./SDK_1.0.3_NUCLEO-F401RE/shared/Utilities/buff.o
                0x00000000080040ce                bufFlush
 .text.bufEnDat
                0x0000000008004100       0xa0 ./SDK_1.0.3_NUCLEO-F401RE/shared/Utilities/buff.o
                0x0000000008004100                bufEnDat
 .text.bufDeDat
                0x00000000080041a0       0x8a ./SDK_1.0.3_NUCLEO-F401RE/shared/Utilities/buff.o
                0x00000000080041a0                bufDeDat
 .text.memsetl  0x000000000800422a       0x34 ./SDK_1.0.3_NUCLEO-F401RE/shared/Utilities/utilities.o
                0x000000000800422a                memsetl
 .text.main     0x000000000800425e       0x12 ./Src/main.o
                0x000000000800425e                main
 .text.appInitCommon
                0x0000000008004270       0x74 ./Src/main.o
 .text.lightSensorADC_Init
                0x00000000080042e4       0xb8 ./Src/main.o
 .text.ledControlTimerOC_Init
                0x000000000800439c       0xa4 ./Src/main.o
 .text.lightSensorADC_PollingRead
                0x0000000008004440       0x38 ./Src/main.o
                0x0000000008004440                lightSensorADC_PollingRead
 .text.kalmanFilter
                0x0000000008004478       0x40 ./Src/main.o
                0x0000000008004478                kalmanFilter
 .text.ledControl_TimerOCSetPwm
                0x00000000080044b8       0x1c ./Src/main.o
 .text.processABL
                0x00000000080044d4       0xc8 ./Src/main.o
 .text._sbrk    0x000000000800459c       0x6c ./Src/sysmem.o
                0x000000000800459c                _sbrk
 .text.Reset_Handler
                0x0000000008004608       0x50 ./Startup/startup_stm32f401retx.o
                0x0000000008004608                Reset_Handler
 .text.Default_Handler
                0x0000000008004658        0x2 ./Startup/startup_stm32f401retx.o
                0x0000000008004658                EXTI2_IRQHandler
                0x0000000008004658                DebugMon_Handler
                0x0000000008004658                SPI4_IRQHandler
                0x0000000008004658                TIM1_CC_IRQHandler
                0x0000000008004658                HardFault_Handler
                0x0000000008004658                SDIO_IRQHandler
                0x0000000008004658                TAMP_STAMP_IRQHandler
                0x0000000008004658                PendSV_Handler
                0x0000000008004658                NMI_Handler
                0x0000000008004658                EXTI3_IRQHandler
                0x0000000008004658                TIM1_UP_TIM10_IRQHandler
                0x0000000008004658                I2C3_ER_IRQHandler
                0x0000000008004658                EXTI18_OTG_FS_WKUP_IRQHandler
                0x0000000008004658                EXTI0_IRQHandler
                0x0000000008004658                I2C2_EV_IRQHandler
                0x0000000008004658                FPU_IRQHandler
                0x0000000008004658                UsageFault_Handler
                0x0000000008004658                SPI1_IRQHandler
                0x0000000008004658                TIM1_BRK_TIM9_IRQHandler
                0x0000000008004658                USART6_IRQHandler
                0x0000000008004658                TIM4_IRQHandler
                0x0000000008004658                I2C1_EV_IRQHandler
                0x0000000008004658                TIM3_IRQHandler
                0x0000000008004658                RCC_IRQHandler
                0x0000000008004658                Default_Handler
                0x0000000008004658                EXTI15_10_IRQHandler
                0x0000000008004658                ADC_IRQHandler
                0x0000000008004658                TIM5_IRQHandler
                0x0000000008004658                I2C3_EV_IRQHandler
                0x0000000008004658                EXTI9_5_IRQHandler
                0x0000000008004658                SPI2_IRQHandler
                0x0000000008004658                MemManage_Handler
                0x0000000008004658                SVC_Handler
                0x0000000008004658                EXTI4_IRQHandler
                0x0000000008004658                EXTI22_RTC_WKUP_IRQHandler
                0x0000000008004658                TIM2_IRQHandler
                0x0000000008004658                EXTI16_PVD_IRQHandler
                0x0000000008004658                TIM1_TRG_COM_TIM11_IRQHandler
                0x0000000008004658                EXTI1_IRQHandler
                0x0000000008004658                EXTI17_RTC_Alarm_IRQHandler
                0x0000000008004658                I2C2_ER_IRQHandler
                0x0000000008004658                FLASH_IRQHandler
                0x0000000008004658                BusFault_Handler
                0x0000000008004658                USART1_IRQHandler
                0x0000000008004658                OTG_FS_IRQHandler
                0x0000000008004658                SPI3_IRQHandler
                0x0000000008004658                I2C1_ER_IRQHandler
 *fill*         0x000000000800465a        0x2 
 .text.__errno  0x000000000800465c        0xc e:/stm32/stm32cubeide_1.7.0/stm32cubeide/plugins/com.st.stm32cube.ide.mcu.externaltools.gnu-tools-for-stm32.9-2020-q2-update.win32_2.0.0.202105311346/tools/bin/../lib/gcc/arm-none-eabi/9.3.1/../../../../arm-none-eabi/lib/thumb/v7e-m+fp/hard\libc_nano.a(lib_a-errno.o)
                0x000000000800465c                __errno
 .text.__libc_init_array
                0x0000000008004668       0x48 e:/stm32/stm32cubeide_1.7.0/stm32cubeide/plugins/com.st.stm32cube.ide.mcu.externaltools.gnu-tools-for-stm32.9-2020-q2-update.win32_2.0.0.202105311346/tools/bin/../lib/gcc/arm-none-eabi/9.3.1/../../../../arm-none-eabi/lib/thumb/v7e-m+fp/hard\libc_nano.a(lib_a-init.o)
                0x0000000008004668                __libc_init_array
 .text.memset   0x00000000080046b0       0x10 e:/stm32/stm32cubeide_1.7.0/stm32cubeide/plugins/com.st.stm32cube.ide.mcu.externaltools.gnu-tools-for-stm32.9-2020-q2-update.win32_2.0.0.202105311346/tools/bin/../lib/gcc/arm-none-eabi/9.3.1/../../../../arm-none-eabi/lib/thumb/v7e-m+fp/hard\libc_nano.a(lib_a-memset.o)
                0x00000000080046b0                memset
 .text.sprintf  0x00000000080046c0       0x40 e:/stm32/stm32cubeide_1.7.0/stm32cubeide/plugins/com.st.stm32cube.ide.mcu.externaltools.gnu-tools-for-stm32.9-2020-q2-update.win32_2.0.0.202105311346/tools/bin/../lib/gcc/arm-none-eabi/9.3.1/../../../../arm-none-eabi/lib/thumb/v7e-m+fp/hard\libc_nano.a(lib_a-sprintf.o)
                0x00000000080046c0                siprintf
                0x00000000080046c0                sprintf
 .text.__ssputs_r
                0x0000000008004700       0xb6 e:/stm32/stm32cubeide_1.7.0/stm32cubeide/plugins/com.st.stm32cube.ide.mcu.externaltools.gnu-tools-for-stm32.9-2020-q2-update.win32_2.0.0.202105311346/tools/bin/../lib/gcc/arm-none-eabi/9.3.1/../../../../arm-none-eabi/lib/thumb/v7e-m+fp/hard\libc_nano.a(lib_a-nano-svfprintf.o)
                0x0000000008004700                __ssputs_r
 *fill*         0x00000000080047b6        0x2 
 .text._svfprintf_r
                0x00000000080047b8      0x200 e:/stm32/stm32cubeide_1.7.0/stm32cubeide/plugins/com.st.stm32cube.ide.mcu.externaltools.gnu-tools-for-stm32.9-2020-q2-update.win32_2.0.0.202105311346/tools/bin/../lib/gcc/arm-none-eabi/9.3.1/../../../../arm-none-eabi/lib/thumb/v7e-m+fp/hard\libc_nano.a(lib_a-nano-svfprintf.o)
                0x00000000080047b8                _svfiprintf_r
                0x00000000080047b8                _svfprintf_r
 .text._printf_common
                0x00000000080049b8       0xda e:/stm32/stm32cubeide_1.7.0/stm32cubeide/plugins/com.st.stm32cube.ide.mcu.externaltools.gnu-tools-for-stm32.9-2020-q2-update.win32_2.0.0.202105311346/tools/bin/../lib/gcc/arm-none-eabi/9.3.1/../../../../arm-none-eabi/lib/thumb/v7e-m+fp/hard\libc_nano.a(lib_a-nano-vfprintf_i.o)
                0x00000000080049b8                _printf_common
 *fill*         0x0000000008004a92        0x2 
 .text._printf_i
                0x0000000008004a94      0x24c e:/stm32/stm32cubeide_1.7.0/stm32cubeide/plugins/com.st.stm32cube.ide.mcu.externaltools.gnu-tools-for-stm32.9-2020-q2-update.win32_2.0.0.202105311346/tools/bin/../lib/gcc/arm-none-eabi/9.3.1/../../../../arm-none-eabi/lib/thumb/v7e-m+fp/hard\libc_nano.a(lib_a-nano-vfprintf_i.o)
                0x0000000008004a94                _printf_i
 .text.memcpy   0x0000000008004ce0       0x1c e:/stm32/stm32cubeide_1.7.0/stm32cubeide/plugins/com.st.stm32cube.ide.mcu.externaltools.gnu-tools-for-stm32.9-2020-q2-update.win32_2.0.0.202105311346/tools/bin/../lib/gcc/arm-none-eabi/9.3.1/../../../../arm-none-eabi/lib/thumb/v7e-m+fp/hard\libc_nano.a(lib_a-memcpy-stub.o)
                0x0000000008004ce0                memcpy
 .text.memmove  0x0000000008004cfc       0x34 e:/stm32/stm32cubeide_1.7.0/stm32cubeide/plugins/com.st.stm32cube.ide.mcu.externaltools.gnu-tools-for-stm32.9-2020-q2-update.win32_2.0.0.202105311346/tools/bin/../lib/gcc/arm-none-eabi/9.3.1/../../../../arm-none-eabi/lib/thumb/v7e-m+fp/hard\libc_nano.a(lib_a-memmove.o)
                0x0000000008004cfc                memmove
 .text._free_r  0x0000000008004d30       0xa0 e:/stm32/stm32cubeide_1.7.0/stm32cubeide/plugins/com.st.stm32cube.ide.mcu.externaltools.gnu-tools-for-stm32.9-2020-q2-update.win32_2.0.0.202105311346/tools/bin/../lib/gcc/arm-none-eabi/9.3.1/../../../../arm-none-eabi/lib/thumb/v7e-m+fp/hard\libc_nano.a(lib_a-nano-freer.o)
                0x0000000008004d30                _free_r
 .text._malloc_r
                0x0000000008004dd0       0xb4 e:/stm32/stm32cubeide_1.7.0/stm32cubeide/plugins/com.st.stm32cube.ide.mcu.externaltools.gnu-tools-for-stm32.9-2020-q2-update.win32_2.0.0.202105311346/tools/bin/../lib/gcc/arm-none-eabi/9.3.1/../../../../arm-none-eabi/lib/thumb/v7e-m+fp/hard\libc_nano.a(lib_a-nano-mallocr.o)
                0x0000000008004dd0                _malloc_r
 .text._realloc_r
                0x0000000008004e84       0x4c e:/stm32/stm32cubeide_1.7.0/stm32cubeide/plugins/com.st.stm32cube.ide.mcu.externaltools.gnu-tools-for-stm32.9-2020-q2-update.win32_2.0.0.202105311346/tools/bin/../lib/gcc/arm-none-eabi/9.3.1/../../../../arm-none-eabi/lib/thumb/v7e-m+fp/hard\libc_nano.a(lib_a-nano-reallocr.o)
                0x0000000008004e84                _realloc_r
 .text._sbrk_r  0x0000000008004ed0       0x20 e:/stm32/stm32cubeide_1.7.0/stm32cubeide/plugins/com.st.stm32cube.ide.mcu.externaltools.gnu-tools-for-stm32.9-2020-q2-update.win32_2.0.0.202105311346/tools/bin/../lib/gcc/arm-none-eabi/9.3.1/../../../../arm-none-eabi/lib/thumb/v7e-m+fp/hard\libc_nano.a(lib_a-sbrkr.o)
                0x0000000008004ed0                _sbrk_r
 .text.__malloc_lock
                0x0000000008004ef0        0xc e:/stm32/stm32cubeide_1.7.0/stm32cubeide/plugins/com.st.stm32cube.ide.mcu.externaltools.gnu-tools-for-stm32.9-2020-q2-update.win32_2.0.0.202105311346/tools/bin/../lib/gcc/arm-none-eabi/9.3.1/../../../../arm-none-eabi/lib/thumb/v7e-m+fp/hard\libc_nano.a(lib_a-mlock.o)
                0x0000000008004ef0                __malloc_lock
 .text.__malloc_unlock
                0x0000000008004efc        0xc e:/stm32/stm32cubeide_1.7.0/stm32cubeide/plugins/com.st.stm32cube.ide.mcu.externaltools.gnu-tools-for-stm32.9-2020-q2-update.win32_2.0.0.202105311346/tools/bin/../lib/gcc/arm-none-eabi/9.3.1/../../../../arm-none-eabi/lib/thumb/v7e-m+fp/hard\libc_nano.a(lib_a-mlock.o)
                0x0000000008004efc                __malloc_unlock
 .text._malloc_usable_size_r
                0x0000000008004f08       0x10 e:/stm32/stm32cubeide_1.7.0/stm32cubeide/plugins/com.st.stm32cube.ide.mcu.externaltools.gnu-tools-for-stm32.9-2020-q2-update.win32_2.0.0.202105311346/tools/bin/../lib/gcc/arm-none-eabi/9.3.1/../../../../arm-none-eabi/lib/thumb/v7e-m+fp/hard\libc_nano.a(lib_a-nano-msizer.o)
                0x0000000008004f08                _malloc_usable_size_r
 .text.__retarget_lock_acquire_recursive
                0x0000000008004f18        0x2 e:/stm32/stm32cubeide_1.7.0/stm32cubeide/plugins/com.st.stm32cube.ide.mcu.externaltools.gnu-tools-for-stm32.9-2020-q2-update.win32_2.0.0.202105311346/tools/bin/../lib/gcc/arm-none-eabi/9.3.1/../../../../arm-none-eabi/lib/thumb/v7e-m+fp/hard\libc_nano.a(lib_a-lock.o)
                0x0000000008004f18                __retarget_lock_acquire_recursive
 .text.__retarget_lock_release_recursive
                0x0000000008004f1a        0x2 e:/stm32/stm32cubeide_1.7.0/stm32cubeide/plugins/com.st.stm32cube.ide.mcu.externaltools.gnu-tools-for-stm32.9-2020-q2-update.win32_2.0.0.202105311346/tools/bin/../lib/gcc/arm-none-eabi/9.3.1/../../../../arm-none-eabi/lib/thumb/v7e-m+fp/hard\libc_nano.a(lib_a-lock.o)
                0x0000000008004f1a                __retarget_lock_release_recursive
 *(.glue_7)
 .glue_7        0x0000000008004f1c        0x0 linker stubs
 *(.glue_7t)
 .glue_7t       0x0000000008004f1c        0x0 linker stubs
 *(.eh_frame)
 .eh_frame      0x0000000008004f1c        0x0 e:/stm32/stm32cubeide_1.7.0/stm32cubeide/plugins/com.st.stm32cube.ide.mcu.externaltools.gnu-tools-for-stm32.9-2020-q2-update.win32_2.0.0.202105311346/tools/bin/../lib/gcc/arm-none-eabi/9.3.1/thumb/v7e-m+fp/hard/crtbegin.o
 *(.init)
 .init          0x0000000008004f1c        0x4 e:/stm32/stm32cubeide_1.7.0/stm32cubeide/plugins/com.st.stm32cube.ide.mcu.externaltools.gnu-tools-for-stm32.9-2020-q2-update.win32_2.0.0.202105311346/tools/bin/../lib/gcc/arm-none-eabi/9.3.1/thumb/v7e-m+fp/hard/crti.o
                0x0000000008004f1c                _init
 .init          0x0000000008004f20        0x8 e:/stm32/stm32cubeide_1.7.0/stm32cubeide/plugins/com.st.stm32cube.ide.mcu.externaltools.gnu-tools-for-stm32.9-2020-q2-update.win32_2.0.0.202105311346/tools/bin/../lib/gcc/arm-none-eabi/9.3.1/thumb/v7e-m+fp/hard/crtn.o
 *(.fini)
 .fini          0x0000000008004f28        0x4 e:/stm32/stm32cubeide_1.7.0/stm32cubeide/plugins/com.st.stm32cube.ide.mcu.externaltools.gnu-tools-for-stm32.9-2020-q2-update.win32_2.0.0.202105311346/tools/bin/../lib/gcc/arm-none-eabi/9.3.1/thumb/v7e-m+fp/hard/crti.o
                0x0000000008004f28                _fini
 .fini          0x0000000008004f2c        0x8 e:/stm32/stm32cubeide_1.7.0/stm32cubeide/plugins/com.st.stm32cube.ide.mcu.externaltools.gnu-tools-for-stm32.9-2020-q2-update.win32_2.0.0.202105311346/tools/bin/../lib/gcc/arm-none-eabi/9.3.1/thumb/v7e-m+fp/hard/crtn.o
                0x0000000008004f34                . = ALIGN (0x4)
                0x0000000008004f34                _etext = .

.vfp11_veneer   0x0000000008004f34        0x0
 .vfp11_veneer  0x0000000008004f34        0x0 linker stubs

.v4_bx          0x0000000008004f34        0x0
 .v4_bx         0x0000000008004f34        0x0 linker stubs

.iplt           0x0000000008004f34        0x0
 .iplt          0x0000000008004f34        0x0 e:/stm32/stm32cubeide_1.7.0/stm32cubeide/plugins/com.st.stm32cube.ide.mcu.externaltools.gnu-tools-for-stm32.9-2020-q2-update.win32_2.0.0.202105311346/tools/bin/../lib/gcc/arm-none-eabi/9.3.1/thumb/v7e-m+fp/hard/crtbegin.o

.rodata         0x0000000008004f34     0x10ac
                0x0000000008004f34                . = ALIGN (0x4)
 *(.rodata)
 .rodata        0x0000000008004f34        0xf ./SDK_1.0.3_NUCLEO-F401RE/shared/Middle/ucglib/ucg_font.o
 *fill*         0x0000000008004f43        0x1 
 .rodata        0x0000000008004f44       0x12 ./Src/main.o
 *(.rodata*)
 *fill*         0x0000000008004f56        0x2 
 .rodata.ucg_st7735_set_pos_seq
                0x0000000008004f58       0x1e ./SDK_1.0.3_NUCLEO-F401RE/shared/Middle/ucglib/ucg_dev_ic_st7735.o
                0x0000000008004f58                ucg_st7735_set_pos_seq
 *fill*         0x0000000008004f76        0x2 
 .rodata.ucg_st7735_set_pos_dir0_seq
                0x0000000008004f78       0x1e ./SDK_1.0.3_NUCLEO-F401RE/shared/Middle/ucglib/ucg_dev_ic_st7735.o
                0x0000000008004f78                ucg_st7735_set_pos_dir0_seq
 *fill*         0x0000000008004f96        0x2 
 .rodata.ucg_st7735_set_pos_dir1_seq
                0x0000000008004f98       0x21 ./SDK_1.0.3_NUCLEO-F401RE/shared/Middle/ucglib/ucg_dev_ic_st7735.o
                0x0000000008004f98                ucg_st7735_set_pos_dir1_seq
 *fill*         0x0000000008004fb9        0x3 
 .rodata.ucg_st7735_set_pos_dir2_seq
                0x0000000008004fbc       0x21 ./SDK_1.0.3_NUCLEO-F401RE/shared/Middle/ucglib/ucg_dev_ic_st7735.o
                0x0000000008004fbc                ucg_st7735_set_pos_dir2_seq
 *fill*         0x0000000008004fdd        0x3 
 .rodata.ucg_st7735_set_pos_dir3_seq
                0x0000000008004fe0       0x24 ./SDK_1.0.3_NUCLEO-F401RE/shared/Middle/ucglib/ucg_dev_ic_st7735.o
                0x0000000008004fe0                ucg_st7735_set_pos_dir3_seq
 .rodata.ucg_st7735_power_down_seq
                0x0000000008005004        0x7 ./SDK_1.0.3_NUCLEO-F401RE/shared/Middle/ucglib/ucg_dev_ic_st7735.o
 *fill*         0x000000000800500b        0x1 
 .rodata.ucg_tft_128x160_st7735_init_seq
                0x000000000800500c       0x2c ./SDK_1.0.3_NUCLEO-F401RE/shared/Middle/ucglib/ucg_dev_tft_128x128_st7735.o
 .rodata.ucg_font_ncenR10_hf
                0x0000000008005038      0xf75 ./SDK_1.0.3_NUCLEO-F401RE/shared/Middle/ucglib/ucg_pixel_font_data.o
                0x0000000008005038                ucg_font_ncenR10_hf
 .rodata._svfprintf_r.str1.1
                0x0000000008005fad       0x11 e:/stm32/stm32cubeide_1.7.0/stm32cubeide/plugins/com.st.stm32cube.ide.mcu.externaltools.gnu-tools-for-stm32.9-2020-q2-update.win32_2.0.0.202105311346/tools/bin/../lib/gcc/arm-none-eabi/9.3.1/../../../../arm-none-eabi/lib/thumb/v7e-m+fp/hard\libc_nano.a(lib_a-nano-svfprintf.o)
 .rodata._printf_i.str1.1
                0x0000000008005fbe       0x22 e:/stm32/stm32cubeide_1.7.0/stm32cubeide/plugins/com.st.stm32cube.ide.mcu.externaltools.gnu-tools-for-stm32.9-2020-q2-update.win32_2.0.0.202105311346/tools/bin/../lib/gcc/arm-none-eabi/9.3.1/../../../../arm-none-eabi/lib/thumb/v7e-m+fp/hard\libc_nano.a(lib_a-nano-vfprintf_i.o)
                0x0000000008005fe0                . = ALIGN (0x4)

.rel.dyn        0x0000000008005fe0        0x0
 .rel.iplt      0x0000000008005fe0        0x0 e:/stm32/stm32cubeide_1.7.0/stm32cubeide/plugins/com.st.stm32cube.ide.mcu.externaltools.gnu-tools-for-stm32.9-2020-q2-update.win32_2.0.0.202105311346/tools/bin/../lib/gcc/arm-none-eabi/9.3.1/thumb/v7e-m+fp/hard/crtbegin.o

.ARM.extab      0x0000000008005fe0        0x0
                0x0000000008005fe0                . = ALIGN (0x4)
 *(.ARM.extab* .gnu.linkonce.armextab.*)
                0x0000000008005fe0                . = ALIGN (0x4)

.ARM            0x0000000008005fe0        0x0
                0x0000000008005fe0                . = ALIGN (0x4)
                0x0000000008005fe0                __exidx_start = .
 *(.ARM.exidx*)
                0x0000000008005fe0                __exidx_end = .
                0x0000000008005fe0                . = ALIGN (0x4)

.preinit_array  0x0000000008005fe0        0x0
                0x0000000008005fe0                . = ALIGN (0x4)
                0x0000000008005fe0                PROVIDE (__preinit_array_start = .)
 *(.preinit_array*)
                0x0000000008005fe0                PROVIDE (__preinit_array_end = .)
                0x0000000008005fe0                . = ALIGN (0x4)

.init_array     0x0000000008005fe0        0x4
                0x0000000008005fe0                . = ALIGN (0x4)
                0x0000000008005fe0                PROVIDE (__init_array_start = .)
 *(SORT_BY_NAME(.init_array.*))
 *(.init_array*)
 .init_array    0x0000000008005fe0        0x4 e:/stm32/stm32cubeide_1.7.0/stm32cubeide/plugins/com.st.stm32cube.ide.mcu.externaltools.gnu-tools-for-stm32.9-2020-q2-update.win32_2.0.0.202105311346/tools/bin/../lib/gcc/arm-none-eabi/9.3.1/thumb/v7e-m+fp/hard/crtbegin.o
                0x0000000008005fe4                PROVIDE (__init_array_end = .)
                0x0000000008005fe4                . = ALIGN (0x4)

.fini_array     0x0000000008005fe4        0x4
                0x0000000008005fe4                . = ALIGN (0x4)
                [!provide]                        PROVIDE (__fini_array_start = .)
 *(SORT_BY_NAME(.fini_array.*))
 *(.fini_array*)
 .fini_array    0x0000000008005fe4        0x4 e:/stm32/stm32cubeide_1.7.0/stm32cubeide/plugins/com.st.stm32cube.ide.mcu.externaltools.gnu-tools-for-stm32.9-2020-q2-update.win32_2.0.0.202105311346/tools/bin/../lib/gcc/arm-none-eabi/9.3.1/thumb/v7e-m+fp/hard/crtbegin.o
                [!provide]                        PROVIDE (__fini_array_end = .)
                0x0000000008005fe8                . = ALIGN (0x4)
                0x0000000008005fe8                _sidata = LOADADDR (.data)

.data           0x0000000020000000       0x8c load address 0x0000000008005fe8
                0x0000000020000000                . = ALIGN (0x4)
                0x0000000020000000                _sdata = .
 *(.data)
 *(.data*)
 .data.SystemCoreClock
                0x0000000020000000        0x4 ./SDK_1.0.3_NUCLEO-F401RE/shared/Drivers/CMSIS/Source/system_stm32f4xx.o
                0x0000000020000000                SystemCoreClock
 .data.AHBPrescTable
                0x0000000020000004       0x10 ./SDK_1.0.3_NUCLEO-F401RE/shared/Drivers/CMSIS/Source/system_stm32f4xx.o
                0x0000000020000004                AHBPrescTable
 .data.APBAHBPrescTable
                0x0000000020000014       0x10 ./SDK_1.0.3_NUCLEO-F401RE/shared/Drivers/STM32F401RE_StdPeriph_Driver/src/stm32f401re_rcc.o
 .data.idTaskScanDecodeLen
                0x0000000020000024        0x1 ./SDK_1.0.3_NUCLEO-F401RE/shared/Middle/ucglib/ucg_font.o
 *fill*         0x0000000020000025        0x3 
 .data._impure_ptr
                0x0000000020000028        0x4 e:/stm32/stm32cubeide_1.7.0/stm32cubeide/plugins/com.st.stm32cube.ide.mcu.externaltools.gnu-tools-for-stm32.9-2020-q2-update.win32_2.0.0.202105311346/tools/bin/../lib/gcc/arm-none-eabi/9.3.1/../../../../arm-none-eabi/lib/thumb/v7e-m+fp/hard\libc_nano.a(lib_a-impure.o)
                0x0000000020000028                _impure_ptr
 .data.impure_data
                0x000000002000002c       0x60 e:/stm32/stm32cubeide_1.7.0/stm32cubeide/plugins/com.st.stm32cube.ide.mcu.externaltools.gnu-tools-for-stm32.9-2020-q2-update.win32_2.0.0.202105311346/tools/bin/../lib/gcc/arm-none-eabi/9.3.1/../../../../arm-none-eabi/lib/thumb/v7e-m+fp/hard\libc_nano.a(lib_a-impure.o)
 *(.RamFunc)
 *(.RamFunc*)
                0x000000002000008c                . = ALIGN (0x4)
                0x000000002000008c                _edata = .

.igot.plt       0x000000002000008c        0x0 load address 0x0000000008006074
 .igot.plt      0x000000002000008c        0x0 e:/stm32/stm32cubeide_1.7.0/stm32cubeide/plugins/com.st.stm32cube.ide.mcu.externaltools.gnu-tools-for-stm32.9-2020-q2-update.win32_2.0.0.202105311346/tools/bin/../lib/gcc/arm-none-eabi/9.3.1/thumb/v7e-m+fp/hard/crtbegin.o
                0x000000002000008c                . = ALIGN (0x4)

.bss            0x000000002000008c     0x12d0 load address 0x0000000008006074
                0x000000002000008c                _sbss = .
                0x000000002000008c                __bss_start__ = _sbss
 *(.bss)
 .bss           0x000000002000008c       0x1c e:/stm32/stm32cubeide_1.7.0/stm32cubeide/plugins/com.st.stm32cube.ide.mcu.externaltools.gnu-tools-for-stm32.9-2020-q2-update.win32_2.0.0.202105311346/tools/bin/../lib/gcc/arm-none-eabi/9.3.1/thumb/v7e-m+fp/hard/crtbegin.o
 *(.bss*)
 .bss.g_pTimerHandle
                0x00000000200000a8      0x180 ./SDK_1.0.3_NUCLEO-F401RE/shared/Middle/rtos/timer.o
 .bss.g_wMilSecTickTimer
                0x0000000020000228        0x4 ./SDK_1.0.3_NUCLEO-F401RE/shared/Middle/rtos/timer.o
 .bss.g_pUartQueueRx
                0x000000002000022c        0x8 ./SDK_1.0.3_NUCLEO-F401RE/shared/Middle/serial/serial.o
 .bss.fontQueue
                0x0000000020000234       0x10 ./SDK_1.0.3_NUCLEO-F401RE/shared/Middle/ucglib/ucg_font.o
 .bss.pQueueFont
                0x0000000020000244     0x1000 ./SDK_1.0.3_NUCLEO-F401RE/shared/Middle/ucglib/ucg_font.o
 .bss.next.7723
                0x0000000020001244        0x1 ./SDK_1.0.3_NUCLEO-F401RE/shared/Middle/ucglib/ucg_font.o
 *fill*         0x0000000020001245        0x1 
 .bss.g_wAdcValue
                0x0000000020001246        0x2 ./Src/main.o
                0x0000000020001246                g_wAdcValue
 .bss.g_wUseKalman
                0x0000000020001248        0x2 ./Src/main.o
 .bss.g_wLightLevelAfterFilter
                0x000000002000124a        0x2 ./Src/main.o
 .bss.g_ibValueLux
                0x000000002000124c       0x14 ./Src/main.o
 .bss.ucg       0x0000000020001260       0xb4 ./Src/main.o
 .bss.dwTimeInit.10497
                0x0000000020001314        0x4 ./Src/main.o
 .bss.dwTimeTotal.10496
                0x0000000020001318        0x4 ./Src/main.o
 .bss.__sbrk_heap_end
                0x000000002000131c        0x4 ./Src/sysmem.o
 .bss.__malloc_free_list
                0x0000000020001320        0x4 e:/stm32/stm32cubeide_1.7.0/stm32cubeide/plugins/com.st.stm32cube.ide.mcu.externaltools.gnu-tools-for-stm32.9-2020-q2-update.win32_2.0.0.202105311346/tools/bin/../lib/gcc/arm-none-eabi/9.3.1/../../../../arm-none-eabi/lib/thumb/v7e-m+fp/hard\libc_nano.a(lib_a-nano-mallocr.o)
                0x0000000020001320                __malloc_free_list
 .bss.__malloc_sbrk_start
                0x0000000020001324        0x4 e:/stm32/stm32cubeide_1.7.0/stm32cubeide/plugins/com.st.stm32cube.ide.mcu.externaltools.gnu-tools-for-stm32.9-2020-q2-update.win32_2.0.0.202105311346/tools/bin/../lib/gcc/arm-none-eabi/9.3.1/../../../../arm-none-eabi/lib/thumb/v7e-m+fp/hard\libc_nano.a(lib_a-nano-mallocr.o)
                0x0000000020001324                __malloc_sbrk_start
 *(COMMON)
 COMMON         0x0000000020001328       0x18 ./Kalman_filter/kalman_filter.o
                0x0000000020001328                _last_estimate
                0x000000002000132c                _err_measure
                0x0000000020001330                _err_estimate
                0x0000000020001334                _kalman_gain
                0x0000000020001338                _q
                0x000000002000133c                _current_estimate
 COMMON         0x0000000020001340        0xc ./SDK_1.0.3_NUCLEO-F401RE/shared/Middle/ucglib/ucg_font.o
                0x0000000020001340                ucg_draw_str
 COMMON         0x000000002000134c        0x4 e:/stm32/stm32cubeide_1.7.0/stm32cubeide/plugins/com.st.stm32cube.ide.mcu.externaltools.gnu-tools-for-stm32.9-2020-q2-update.win32_2.0.0.202105311346/tools/bin/../lib/gcc/arm-none-eabi/9.3.1/../../../../arm-none-eabi/lib/thumb/v7e-m+fp/hard\libc_nano.a(lib_a-reent.o)
                0x000000002000134c                errno
 COMMON         0x0000000020001350        0x9 e:/stm32/stm32cubeide_1.7.0/stm32cubeide/plugins/com.st.stm32cube.ide.mcu.externaltools.gnu-tools-for-stm32.9-2020-q2-update.win32_2.0.0.202105311346/tools/bin/../lib/gcc/arm-none-eabi/9.3.1/../../../../arm-none-eabi/lib/thumb/v7e-m+fp/hard\libc_nano.a(lib_a-lock.o)
                0x0000000020001350                __lock___atexit_recursive_mutex
                0x0000000020001351                __lock___arc4random_mutex
                0x0000000020001352                __lock___env_recursive_mutex
                0x0000000020001353                __lock___sinit_recursive_mutex
                0x0000000020001354                __lock___malloc_recursive_mutex
                0x0000000020001355                __lock___at_quick_exit_mutex
                0x0000000020001356                __lock___dd_hash_mutex
                0x0000000020001357                __lock___tz_mutex
                0x0000000020001358                __lock___sfp_recursive_mutex
                0x000000002000135c                . = ALIGN (0x4)
 *fill*         0x0000000020001359        0x3 
                0x000000002000135c                _ebss = .
                0x000000002000135c                __bss_end__ = _ebss

._user_heap_stack
                0x000000002000135c      0x604 load address 0x0000000008006074
                0x0000000020001360                . = ALIGN (0x8)
 *fill*         0x000000002000135c        0x4 
                [!provide]                        PROVIDE (end = .)
                0x0000000020001360                PROVIDE (_end = .)
                0x0000000020001560                . = (. + _Min_Heap_Size)
 *fill*         0x0000000020001360      0x200 
                0x0000000020001960                . = (. + _Min_Stack_Size)
 *fill*         0x0000000020001560      0x400 
                0x0000000020001960                . = ALIGN (0x8)

/DISCARD/
 libc.a(*)
 libm.a(*)
 libgcc.a(*)

.ARM.attributes
                0x0000000000000000       0x30
 *(.ARM.attributes)
 .ARM.attributes
                0x0000000000000000       0x1e e:/stm32/stm32cubeide_1.7.0/stm32cubeide/plugins/com.st.stm32cube.ide.mcu.externaltools.gnu-tools-for-stm32.9-2020-q2-update.win32_2.0.0.202105311346/tools/bin/../lib/gcc/arm-none-eabi/9.3.1/thumb/v7e-m+fp/hard/crti.o
 .ARM.attributes
                0x000000000000001e       0x34 e:/stm32/stm32cubeide_1.7.0/stm32cubeide/plugins/com.st.stm32cube.ide.mcu.externaltools.gnu-tools-for-stm32.9-2020-q2-update.win32_2.0.0.202105311346/tools/bin/../lib/gcc/arm-none-eabi/9.3.1/thumb/v7e-m+fp/hard/crtbegin.o
 .ARM.attributes
                0x0000000000000052       0x34 ./Kalman_filter/kalman_filter.o
 .ARM.attributes
                0x0000000000000086       0x34 ./SDK_1.0.3_NUCLEO-F401RE/shared/Drivers/CMSIS/Source/system_stm32f4xx.o
 .ARM.attributes
                0x00000000000000ba       0x34 ./SDK_1.0.3_NUCLEO-F401RE/shared/Drivers/STM32F401RE_StdPeriph_Driver/src/stm32f401re_adc.o
 .ARM.attributes
                0x00000000000000ee       0x34 ./SDK_1.0.3_NUCLEO-F401RE/shared/Drivers/STM32F401RE_StdPeriph_Driver/src/stm32f401re_gpio.o
 .ARM.attributes
                0x0000000000000122       0x34 ./SDK_1.0.3_NUCLEO-F401RE/shared/Drivers/STM32F401RE_StdPeriph_Driver/src/stm32f401re_rcc.o
 .ARM.attributes
                0x0000000000000156       0x34 ./SDK_1.0.3_NUCLEO-F401RE/shared/Drivers/STM32F401RE_StdPeriph_Driver/src/stm32f401re_tim.o
 .ARM.attributes
                0x000000000000018a       0x34 ./SDK_1.0.3_NUCLEO-F401RE/shared/Drivers/STM32F401RE_StdPeriph_Driver/src/stm32f401re_usart.o
 .ARM.attributes
                0x00000000000001be       0x34 ./SDK_1.0.3_NUCLEO-F401RE/shared/Middle/rtos/timer.o
 .ARM.attributes
                0x00000000000001f2       0x34 ./SDK_1.0.3_NUCLEO-F401RE/shared/Middle/serial/serial.o
 .ARM.attributes
                0x0000000000000226       0x34 ./SDK_1.0.3_NUCLEO-F401RE/shared/Middle/ucglib/Ucglib.o
 .ARM.attributes
                0x000000000000025a       0x34 ./SDK_1.0.3_NUCLEO-F401RE/shared/Middle/ucglib/ucg_box.o
 .ARM.attributes
                0x000000000000028e       0x34 ./SDK_1.0.3_NUCLEO-F401RE/shared/Middle/ucglib/ucg_ccs.o
 .ARM.attributes
                0x00000000000002c2       0x34 ./SDK_1.0.3_NUCLEO-F401RE/shared/Middle/ucglib/ucg_clip.o
 .ARM.attributes
                0x00000000000002f6       0x34 ./SDK_1.0.3_NUCLEO-F401RE/shared/Middle/ucglib/ucg_com_msg_api.o
 .ARM.attributes
                0x000000000000032a       0x34 ./SDK_1.0.3_NUCLEO-F401RE/shared/Middle/ucglib/ucg_dev_default_cb.o
 .ARM.attributes
                0x000000000000035e       0x34 ./SDK_1.0.3_NUCLEO-F401RE/shared/Middle/ucglib/ucg_dev_ic_st7735.o
 .ARM.attributes
                0x0000000000000392       0x34 ./SDK_1.0.3_NUCLEO-F401RE/shared/Middle/ucglib/ucg_dev_msg_api.o
 .ARM.attributes
                0x00000000000003c6       0x34 ./SDK_1.0.3_NUCLEO-F401RE/shared/Middle/ucglib/ucg_dev_tft_128x128_st7735.o
 .ARM.attributes
                0x00000000000003fa       0x34 ./SDK_1.0.3_NUCLEO-F401RE/shared/Middle/ucglib/ucg_font.o
 .ARM.attributes
                0x000000000000042e       0x34 ./SDK_1.0.3_NUCLEO-F401RE/shared/Middle/ucglib/ucg_init.o
 .ARM.attributes
                0x0000000000000462       0x34 ./SDK_1.0.3_NUCLEO-F401RE/shared/Middle/ucglib/ucg_line.o
 .ARM.attributes
                0x0000000000000496       0x34 ./SDK_1.0.3_NUCLEO-F401RE/shared/Middle/ucglib/ucg_pixel.o
 .ARM.attributes
                0x00000000000004ca       0x39 ./SDK_1.0.3_NUCLEO-F401RE/shared/Middle/ucglib/ucg_pixel_font_data.o
 .ARM.attributes
                0x0000000000000503       0x34 ./SDK_1.0.3_NUCLEO-F401RE/shared/Middle/ucglib/ucg_rotate.o
 .ARM.attributes
                0x0000000000000537       0x34 ./SDK_1.0.3_NUCLEO-F401RE/shared/Utilities/buff.o
 .ARM.attributes
                0x000000000000056b       0x34 ./SDK_1.0.3_NUCLEO-F401RE/shared/Utilities/utilities.o
 .ARM.attributes
                0x000000000000059f       0x34 ./Src/main.o
 .ARM.attributes
                0x00000000000005d3       0x34 ./Src/sysmem.o
 .ARM.attributes
                0x0000000000000607       0x21 ./Startup/startup_stm32f401retx.o
 .ARM.attributes
                0x0000000000000628       0x34 e:/stm32/stm32cubeide_1.7.0/stm32cubeide/plugins/com.st.stm32cube.ide.mcu.externaltools.gnu-tools-for-stm32.9-2020-q2-update.win32_2.0.0.202105311346/tools/bin/../lib/gcc/arm-none-eabi/9.3.1/../../../../arm-none-eabi/lib/thumb/v7e-m+fp/hard\libc_nano.a(lib_a-errno.o)
 .ARM.attributes
                0x000000000000065c       0x32 e:/stm32/stm32cubeide_1.7.0/stm32cubeide/plugins/com.st.stm32cube.ide.mcu.externaltools.gnu-tools-for-stm32.9-2020-q2-update.win32_2.0.0.202105311346/tools/bin/../lib/gcc/arm-none-eabi/9.3.1/../../../../arm-none-eabi/lib/thumb/v7e-m+fp/hard\libc_nano.a(lib_a-impure.o)
 .ARM.attributes
                0x000000000000068e       0x34 e:/stm32/stm32cubeide_1.7.0/stm32cubeide/plugins/com.st.stm32cube.ide.mcu.externaltools.gnu-tools-for-stm32.9-2020-q2-update.win32_2.0.0.202105311346/tools/bin/../lib/gcc/arm-none-eabi/9.3.1/../../../../arm-none-eabi/lib/thumb/v7e-m+fp/hard\libc_nano.a(lib_a-init.o)
 .ARM.attributes
                0x00000000000006c2       0x34 e:/stm32/stm32cubeide_1.7.0/stm32cubeide/plugins/com.st.stm32cube.ide.mcu.externaltools.gnu-tools-for-stm32.9-2020-q2-update.win32_2.0.0.202105311346/tools/bin/../lib/gcc/arm-none-eabi/9.3.1/../../../../arm-none-eabi/lib/thumb/v7e-m+fp/hard\libc_nano.a(lib_a-memset.o)
 .ARM.attributes
                0x00000000000006f6       0x34 e:/stm32/stm32cubeide_1.7.0/stm32cubeide/plugins/com.st.stm32cube.ide.mcu.externaltools.gnu-tools-for-stm32.9-2020-q2-update.win32_2.0.0.202105311346/tools/bin/../lib/gcc/arm-none-eabi/9.3.1/../../../../arm-none-eabi/lib/thumb/v7e-m+fp/hard\libc_nano.a(lib_a-sprintf.o)
 .ARM.attributes
                0x000000000000072a       0x34 e:/stm32/stm32cubeide_1.7.0/stm32cubeide/plugins/com.st.stm32cube.ide.mcu.externaltools.gnu-tools-for-stm32.9-2020-q2-update.win32_2.0.0.202105311346/tools/bin/../lib/gcc/arm-none-eabi/9.3.1/../../../../arm-none-eabi/lib/thumb/v7e-m+fp/hard\libc_nano.a(lib_a-nano-svfprintf.o)
 .ARM.attributes
                0x000000000000075e       0x34 e:/stm32/stm32cubeide_1.7.0/stm32cubeide/plugins/com.st.stm32cube.ide.mcu.externaltools.gnu-tools-for-stm32.9-2020-q2-update.win32_2.0.0.202105311346/tools/bin/../lib/gcc/arm-none-eabi/9.3.1/../../../../arm-none-eabi/lib/thumb/v7e-m+fp/hard\libc_nano.a(lib_a-nano-vfprintf_i.o)
 .ARM.attributes
                0x0000000000000792       0x1c e:/stm32/stm32cubeide_1.7.0/stm32cubeide/plugins/com.st.stm32cube.ide.mcu.externaltools.gnu-tools-for-stm32.9-2020-q2-update.win32_2.0.0.202105311346/tools/bin/../lib/gcc/arm-none-eabi/9.3.1/../../../../arm-none-eabi/lib/thumb/v7e-m+fp/hard\libc_nano.a(lib_a-memchr.o)
 .ARM.attributes
                0x00000000000007ae       0x34 e:/stm32/stm32cubeide_1.7.0/stm32cubeide/plugins/com.st.stm32cube.ide.mcu.externaltools.gnu-tools-for-stm32.9-2020-q2-update.win32_2.0.0.202105311346/tools/bin/../lib/gcc/arm-none-eabi/9.3.1/../../../../arm-none-eabi/lib/thumb/v7e-m+fp/hard\libc_nano.a(lib_a-memcpy-stub.o)
 .ARM.attributes
                0x00000000000007e2       0x34 e:/stm32/stm32cubeide_1.7.0/stm32cubeide/plugins/com.st.stm32cube.ide.mcu.externaltools.gnu-tools-for-stm32.9-2020-q2-update.win32_2.0.0.202105311346/tools/bin/../lib/gcc/arm-none-eabi/9.3.1/../../../../arm-none-eabi/lib/thumb/v7e-m+fp/hard\libc_nano.a(lib_a-memmove.o)
 .ARM.attributes
                0x0000000000000816       0x34 e:/stm32/stm32cubeide_1.7.0/stm32cubeide/plugins/com.st.stm32cube.ide.mcu.externaltools.gnu-tools-for-stm32.9-2020-q2-update.win32_2.0.0.202105311346/tools/bin/../lib/gcc/arm-none-eabi/9.3.1/../../../../arm-none-eabi/lib/thumb/v7e-m+fp/hard\libc_nano.a(lib_a-nano-freer.o)
 .ARM.attributes
                0x000000000000084a       0x34 e:/stm32/stm32cubeide_1.7.0/stm32cubeide/plugins/com.st.stm32cube.ide.mcu.externaltools.gnu-tools-for-stm32.9-2020-q2-update.win32_2.0.0.202105311346/tools/bin/../lib/gcc/arm-none-eabi/9.3.1/../../../../arm-none-eabi/lib/thumb/v7e-m+fp/hard\libc_nano.a(lib_a-nano-mallocr.o)
 .ARM.attributes
                0x000000000000087e       0x34 e:/stm32/stm32cubeide_1.7.0/stm32cubeide/plugins/com.st.stm32cube.ide.mcu.externaltools.gnu-tools-for-stm32.9-2020-q2-update.win32_2.0.0.202105311346/tools/bin/../lib/gcc/arm-none-eabi/9.3.1/../../../../arm-none-eabi/lib/thumb/v7e-m+fp/hard\libc_nano.a(lib_a-nano-reallocr.o)
 .ARM.attributes
                0x00000000000008b2       0x34 e:/stm32/stm32cubeide_1.7.0/stm32cubeide/plugins/com.st.stm32cube.ide.mcu.externaltools.gnu-tools-for-stm32.9-2020-q2-update.win32_2.0.0.202105311346/tools/bin/../lib/gcc/arm-none-eabi/9.3.1/../../../../arm-none-eabi/lib/thumb/v7e-m+fp/hard\libc_nano.a(lib_a-sbrkr.o)
 .ARM.attributes
                0x00000000000008e6       0x34 e:/stm32/stm32cubeide_1.7.0/stm32cubeide/plugins/com.st.stm32cube.ide.mcu.externaltools.gnu-tools-for-stm32.9-2020-q2-update.win32_2.0.0.202105311346/tools/bin/../lib/gcc/arm-none-eabi/9.3.1/../../../../arm-none-eabi/lib/thumb/v7e-m+fp/hard\libc_nano.a(lib_a-mlock.o)
 .ARM.attributes
                0x000000000000091a       0x34 e:/stm32/stm32cubeide_1.7.0/stm32cubeide/plugins/com.st.stm32cube.ide.mcu.externaltools.gnu-tools-for-stm32.9-2020-q2-update.win32_2.0.0.202105311346/tools/bin/../lib/gcc/arm-none-eabi/9.3.1/../../../../arm-none-eabi/lib/thumb/v7e-m+fp/hard\libc_nano.a(lib_a-nano-msizer.o)
 .ARM.attributes
                0x000000000000094e       0x34 e:/stm32/stm32cubeide_1.7.0/stm32cubeide/plugins/com.st.stm32cube.ide.mcu.externaltools.gnu-tools-for-stm32.9-2020-q2-update.win32_2.0.0.202105311346/tools/bin/../lib/gcc/arm-none-eabi/9.3.1/../../../../arm-none-eabi/lib/thumb/v7e-m+fp/hard\libc_nano.a(lib_a-reent.o)
 .ARM.attributes
                0x0000000000000982       0x34 e:/stm32/stm32cubeide_1.7.0/stm32cubeide/plugins/com.st.stm32cube.ide.mcu.externaltools.gnu-tools-for-stm32.9-2020-q2-update.win32_2.0.0.202105311346/tools/bin/../lib/gcc/arm-none-eabi/9.3.1/../../../../arm-none-eabi/lib/thumb/v7e-m+fp/hard\libc_nano.a(lib_a-lock.o)
 .ARM.attributes
                0x00000000000009b6       0x1e e:/stm32/stm32cubeide_1.7.0/stm32cubeide/plugins/com.st.stm32cube.ide.mcu.externaltools.gnu-tools-for-stm32.9-2020-q2-update.win32_2.0.0.202105311346/tools/bin/../lib/gcc/arm-none-eabi/9.3.1/thumb/v7e-m+fp/hard\libgcc.a(_arm_muldf3.o)
 .ARM.attributes
                0x00000000000009d4       0x1e e:/stm32/stm32cubeide_1.7.0/stm32cubeide/plugins/com.st.stm32cube.ide.mcu.externaltools.gnu-tools-for-stm32.9-2020-q2-update.win32_2.0.0.202105311346/tools/bin/../lib/gcc/arm-none-eabi/9.3.1/thumb/v7e-m+fp/hard\libgcc.a(_arm_addsubdf3.o)
 .ARM.attributes
                0x00000000000009f2       0x1e e:/stm32/stm32cubeide_1.7.0/stm32cubeide/plugins/com.st.stm32cube.ide.mcu.externaltools.gnu-tools-for-stm32.9-2020-q2-update.win32_2.0.0.202105311346/tools/bin/../lib/gcc/arm-none-eabi/9.3.1/thumb/v7e-m+fp/hard\libgcc.a(_arm_truncdfsf2.o)
 .ARM.attributes
                0x0000000000000a10       0x1e e:/stm32/stm32cubeide_1.7.0/stm32cubeide/plugins/com.st.stm32cube.ide.mcu.externaltools.gnu-tools-for-stm32.9-2020-q2-update.win32_2.0.0.202105311346/tools/bin/../lib/gcc/arm-none-eabi/9.3.1/thumb/v7e-m+fp/hard/crtn.o
OUTPUT(ABL_MCU_V1.0.0.elf elf32-littlearm)
LOAD linker stubs
LOAD e:/stm32/stm32cubeide_1.7.0/stm32cubeide/plugins/com.st.stm32cube.ide.mcu.externaltools.gnu-tools-for-stm32.9-2020-q2-update.win32_2.0.0.202105311346/tools/bin/../lib/gcc/arm-none-eabi/9.3.1/../../../../arm-none-eabi/lib/thumb/v7e-m+fp/hard\libc.a
LOAD e:/stm32/stm32cubeide_1.7.0/stm32cubeide/plugins/com.st.stm32cube.ide.mcu.externaltools.gnu-tools-for-stm32.9-2020-q2-update.win32_2.0.0.202105311346/tools/bin/../lib/gcc/arm-none-eabi/9.3.1/../../../../arm-none-eabi/lib/thumb/v7e-m+fp/hard\libm.a
LOAD e:/stm32/stm32cubeide_1.7.0/stm32cubeide/plugins/com.st.stm32cube.ide.mcu.externaltools.gnu-tools-for-stm32.9-2020-q2-update.win32_2.0.0.202105311346/tools/bin/../lib/gcc/arm-none-eabi/9.3.1/thumb/v7e-m+fp/hard\libgcc.a

.debug_info     0x0000000000000000    0x4172a
 .debug_info    0x0000000000000000      0xac3 ./Kalman_filter/kalman_filter.o
 .debug_info    0x0000000000000ac3      0x610 ./SDK_1.0.3_NUCLEO-F401RE/shared/Drivers/CMSIS/Source/system_stm32f4xx.o
 .debug_info    0x00000000000010d3      0xd1a ./SDK_1.0.3_NUCLEO-F401RE/shared/Drivers/STM32F401RE_StdPeriph_Driver/src/stm32f401re_adc.o
 .debug_info    0x0000000000001ded      0x683 ./SDK_1.0.3_NUCLEO-F401RE/shared/Drivers/STM32F401RE_StdPeriph_Driver/src/stm32f401re_gpio.o
 .debug_info    0x0000000000002470      0xe24 ./SDK_1.0.3_NUCLEO-F401RE/shared/Drivers/STM32F401RE_StdPeriph_Driver/src/stm32f401re_rcc.o
 .debug_info    0x0000000000003294     0x1e2a ./SDK_1.0.3_NUCLEO-F401RE/shared/Drivers/STM32F401RE_StdPeriph_Driver/src/stm32f401re_tim.o
 .debug_info    0x00000000000050be      0xa6c ./SDK_1.0.3_NUCLEO-F401RE/shared/Drivers/STM32F401RE_StdPeriph_Driver/src/stm32f401re_usart.o
 .debug_info    0x0000000000005b2a      0x98f ./SDK_1.0.3_NUCLEO-F401RE/shared/Middle/rtos/timer.o
 .debug_info    0x00000000000064b9      0xb9f ./SDK_1.0.3_NUCLEO-F401RE/shared/Middle/serial/serial.o
 .debug_info    0x0000000000007058     0x3754 ./SDK_1.0.3_NUCLEO-F401RE/shared/Middle/ucglib/Ucglib.o
 .debug_info    0x000000000000a7ac     0x36ac ./SDK_1.0.3_NUCLEO-F401RE/shared/Middle/ucglib/ucg_box.o
 .debug_info    0x000000000000de58     0x2e8f ./SDK_1.0.3_NUCLEO-F401RE/shared/Middle/ucglib/ucg_ccs.o
 .debug_info    0x0000000000010ce7     0x3550 ./SDK_1.0.3_NUCLEO-F401RE/shared/Middle/ucglib/ucg_clip.o
 .debug_info    0x0000000000014237     0x38b5 ./SDK_1.0.3_NUCLEO-F401RE/shared/Middle/ucglib/ucg_com_msg_api.o
 .debug_info    0x0000000000017aec     0x3651 ./SDK_1.0.3_NUCLEO-F401RE/shared/Middle/ucglib/ucg_dev_default_cb.o
 .debug_info    0x000000000001b13d     0x3672 ./SDK_1.0.3_NUCLEO-F401RE/shared/Middle/ucglib/ucg_dev_ic_st7735.o
 .debug_info    0x000000000001e7af     0x3570 ./SDK_1.0.3_NUCLEO-F401RE/shared/Middle/ucglib/ucg_dev_msg_api.o
 .debug_info    0x0000000000021d1f     0x3422 ./SDK_1.0.3_NUCLEO-F401RE/shared/Middle/ucglib/ucg_dev_tft_128x128_st7735.o
 .debug_info    0x0000000000025141     0x48c9 ./SDK_1.0.3_NUCLEO-F401RE/shared/Middle/ucglib/ucg_font.o
 .debug_info    0x0000000000029a0a     0x3ccc ./SDK_1.0.3_NUCLEO-F401RE/shared/Middle/ucglib/ucg_init.o
 .debug_info    0x000000000002d6d6     0x362a ./SDK_1.0.3_NUCLEO-F401RE/shared/Middle/ucglib/ucg_line.o
 .debug_info    0x0000000000030d00     0x343e ./SDK_1.0.3_NUCLEO-F401RE/shared/Middle/ucglib/ucg_pixel.o
 .debug_info    0x000000000003413e     0x4926 ./SDK_1.0.3_NUCLEO-F401RE/shared/Middle/ucglib/ucg_pixel_font_data.o
 .debug_info    0x0000000000038a64     0x3634 ./SDK_1.0.3_NUCLEO-F401RE/shared/Middle/ucglib/ucg_rotate.o
 .debug_info    0x000000000003c098      0x367 ./SDK_1.0.3_NUCLEO-F401RE/shared/Utilities/buff.o
 .debug_info    0x000000000003c3ff      0x2e2 ./SDK_1.0.3_NUCLEO-F401RE/shared/Utilities/utilities.o
 .debug_info    0x000000000003c6e1     0x4602 ./Src/main.o
 .debug_info    0x0000000000040ce3      0xa25 ./Src/sysmem.o
 .debug_info    0x0000000000041708       0x22 ./Startup/startup_stm32f401retx.o

.debug_abbrev   0x0000000000000000     0x3330
 .debug_abbrev  0x0000000000000000      0x246 ./Kalman_filter/kalman_filter.o
 .debug_abbrev  0x0000000000000246      0x154 ./SDK_1.0.3_NUCLEO-F401RE/shared/Drivers/CMSIS/Source/system_stm32f4xx.o
 .debug_abbrev  0x000000000000039a      0x1b8 ./SDK_1.0.3_NUCLEO-F401RE/shared/Drivers/STM32F401RE_StdPeriph_Driver/src/stm32f401re_adc.o
 .debug_abbrev  0x0000000000000552      0x1e9 ./SDK_1.0.3_NUCLEO-F401RE/shared/Drivers/STM32F401RE_StdPeriph_Driver/src/stm32f401re_gpio.o
 .debug_abbrev  0x000000000000073b      0x1fc ./SDK_1.0.3_NUCLEO-F401RE/shared/Drivers/STM32F401RE_StdPeriph_Driver/src/stm32f401re_rcc.o
 .debug_abbrev  0x0000000000000937      0x1c5 ./SDK_1.0.3_NUCLEO-F401RE/shared/Drivers/STM32F401RE_StdPeriph_Driver/src/stm32f401re_tim.o
 .debug_abbrev  0x0000000000000afc      0x1ab ./SDK_1.0.3_NUCLEO-F401RE/shared/Drivers/STM32F401RE_StdPeriph_Driver/src/stm32f401re_usart.o
 .debug_abbrev  0x0000000000000ca7      0x2d4 ./SDK_1.0.3_NUCLEO-F401RE/shared/Middle/rtos/timer.o
 .debug_abbrev  0x0000000000000f7b      0x2f6 ./SDK_1.0.3_NUCLEO-F401RE/shared/Middle/serial/serial.o
 .debug_abbrev  0x0000000000001271      0x230 ./SDK_1.0.3_NUCLEO-F401RE/shared/Middle/ucglib/Ucglib.o
 .debug_abbrev  0x00000000000014a1      0x1ab ./SDK_1.0.3_NUCLEO-F401RE/shared/Middle/ucglib/ucg_box.o
 .debug_abbrev  0x000000000000164c      0x109 ./SDK_1.0.3_NUCLEO-F401RE/shared/Middle/ucglib/ucg_ccs.o
 .debug_abbrev  0x0000000000001755      0x191 ./SDK_1.0.3_NUCLEO-F401RE/shared/Middle/ucglib/ucg_clip.o
 .debug_abbrev  0x00000000000018e6      0x21e ./SDK_1.0.3_NUCLEO-F401RE/shared/Middle/ucglib/ucg_com_msg_api.o
 .debug_abbrev  0x0000000000001b04      0x1c0 ./SDK_1.0.3_NUCLEO-F401RE/shared/Middle/ucglib/ucg_dev_default_cb.o
 .debug_abbrev  0x0000000000001cc4      0x206 ./SDK_1.0.3_NUCLEO-F401RE/shared/Middle/ucglib/ucg_dev_ic_st7735.o
 .debug_abbrev  0x0000000000001eca      0x1b3 ./SDK_1.0.3_NUCLEO-F401RE/shared/Middle/ucglib/ucg_dev_msg_api.o
 .debug_abbrev  0x000000000000207d      0x16a ./SDK_1.0.3_NUCLEO-F401RE/shared/Middle/ucglib/ucg_dev_tft_128x128_st7735.o
 .debug_abbrev  0x00000000000021e7      0x33e ./SDK_1.0.3_NUCLEO-F401RE/shared/Middle/ucglib/ucg_font.o
 .debug_abbrev  0x0000000000002525      0x1ee ./SDK_1.0.3_NUCLEO-F401RE/shared/Middle/ucglib/ucg_init.o
 .debug_abbrev  0x0000000000002713      0x195 ./SDK_1.0.3_NUCLEO-F401RE/shared/Middle/ucglib/ucg_line.o
 .debug_abbrev  0x00000000000028a8      0x162 ./SDK_1.0.3_NUCLEO-F401RE/shared/Middle/ucglib/ucg_pixel.o
 .debug_abbrev  0x0000000000002a0a       0x8d ./SDK_1.0.3_NUCLEO-F401RE/shared/Middle/ucglib/ucg_pixel_font_data.o
 .debug_abbrev  0x0000000000002a97      0x1c5 ./SDK_1.0.3_NUCLEO-F401RE/shared/Middle/ucglib/ucg_rotate.o
 .debug_abbrev  0x0000000000002c5c      0x142 ./SDK_1.0.3_NUCLEO-F401RE/shared/Utilities/buff.o
 .debug_abbrev  0x0000000000002d9e       0xdc ./SDK_1.0.3_NUCLEO-F401RE/shared/Utilities/utilities.o
 .debug_abbrev  0x0000000000002e7a      0x2e5 ./Src/main.o
 .debug_abbrev  0x000000000000315f      0x1bf ./Src/sysmem.o
 .debug_abbrev  0x000000000000331e       0x12 ./Startup/startup_stm32f401retx.o

.debug_aranges  0x0000000000000000      0xf40
 .debug_aranges
                0x0000000000000000       0x50 ./Kalman_filter/kalman_filter.o
 .debug_aranges
                0x0000000000000050       0x30 ./SDK_1.0.3_NUCLEO-F401RE/shared/Drivers/CMSIS/Source/system_stm32f4xx.o
 .debug_aranges
                0x0000000000000080      0x148 ./SDK_1.0.3_NUCLEO-F401RE/shared/Drivers/STM32F401RE_StdPeriph_Driver/src/stm32f401re_adc.o
 .debug_aranges
                0x00000000000001c8       0x88 ./SDK_1.0.3_NUCLEO-F401RE/shared/Drivers/STM32F401RE_StdPeriph_Driver/src/stm32f401re_gpio.o
 .debug_aranges
                0x0000000000000250      0x198 ./SDK_1.0.3_NUCLEO-F401RE/shared/Drivers/STM32F401RE_StdPeriph_Driver/src/stm32f401re_rcc.o
 .debug_aranges
                0x00000000000003e8      0x2f8 ./SDK_1.0.3_NUCLEO-F401RE/shared/Drivers/STM32F401RE_StdPeriph_Driver/src/stm32f401re_tim.o
 .debug_aranges
                0x00000000000006e0      0x100 ./SDK_1.0.3_NUCLEO-F401RE/shared/Drivers/STM32F401RE_StdPeriph_Driver/src/stm32f401re_usart.o
 .debug_aranges
                0x00000000000007e0       0x70 ./SDK_1.0.3_NUCLEO-F401RE/shared/Middle/rtos/timer.o
 .debug_aranges
                0x0000000000000850       0x80 ./SDK_1.0.3_NUCLEO-F401RE/shared/Middle/serial/serial.o
 .debug_aranges
                0x00000000000008d0       0x48 ./SDK_1.0.3_NUCLEO-F401RE/shared/Middle/ucglib/Ucglib.o
 .debug_aranges
                0x0000000000000918       0x48 ./SDK_1.0.3_NUCLEO-F401RE/shared/Middle/ucglib/ucg_box.o
 .debug_aranges
                0x0000000000000960       0x30 ./SDK_1.0.3_NUCLEO-F401RE/shared/Middle/ucglib/ucg_ccs.o
 .debug_aranges
                0x0000000000000990       0x50 ./SDK_1.0.3_NUCLEO-F401RE/shared/Middle/ucglib/ucg_clip.o
 .debug_aranges
                0x00000000000009e0       0xa0 ./SDK_1.0.3_NUCLEO-F401RE/shared/Middle/ucglib/ucg_com_msg_api.o
 .debug_aranges
                0x0000000000000a80       0x48 ./SDK_1.0.3_NUCLEO-F401RE/shared/Middle/ucglib/ucg_dev_default_cb.o
 .debug_aranges
                0x0000000000000ac8       0x40 ./SDK_1.0.3_NUCLEO-F401RE/shared/Middle/ucglib/ucg_dev_ic_st7735.o
 .debug_aranges
                0x0000000000000b08       0x60 ./SDK_1.0.3_NUCLEO-F401RE/shared/Middle/ucglib/ucg_dev_msg_api.o
 .debug_aranges
                0x0000000000000b68       0x20 ./SDK_1.0.3_NUCLEO-F401RE/shared/Middle/ucglib/ucg_dev_tft_128x128_st7735.o
 .debug_aranges
                0x0000000000000b88      0x168 ./SDK_1.0.3_NUCLEO-F401RE/shared/Middle/ucglib/ucg_font.o
 .debug_aranges
                0x0000000000000cf0       0x28 ./SDK_1.0.3_NUCLEO-F401RE/shared/Middle/ucglib/ucg_init.o
 .debug_aranges
                0x0000000000000d18       0x48 ./SDK_1.0.3_NUCLEO-F401RE/shared/Middle/ucglib/ucg_line.o
 .debug_aranges
                0x0000000000000d60       0x28 ./SDK_1.0.3_NUCLEO-F401RE/shared/Middle/ucglib/ucg_pixel.o
 .debug_aranges
                0x0000000000000d88       0x18 ./SDK_1.0.3_NUCLEO-F401RE/shared/Middle/ucglib/ucg_pixel_font_data.o
 .debug_aranges
                0x0000000000000da0       0x68 ./SDK_1.0.3_NUCLEO-F401RE/shared/Middle/ucglib/ucg_rotate.o
 .debug_aranges
                0x0000000000000e08       0x50 ./SDK_1.0.3_NUCLEO-F401RE/shared/Utilities/buff.o
 .debug_aranges
                0x0000000000000e58       0x48 ./SDK_1.0.3_NUCLEO-F401RE/shared/Utilities/utilities.o
 .debug_aranges
                0x0000000000000ea0       0x58 ./Src/main.o
 .debug_aranges
                0x0000000000000ef8       0x20 ./Src/sysmem.o
 .debug_aranges
                0x0000000000000f18       0x28 ./Startup/startup_stm32f401retx.o

.debug_ranges   0x0000000000000000      0xd70
 .debug_ranges  0x0000000000000000       0x40 ./Kalman_filter/kalman_filter.o
 .debug_ranges  0x0000000000000040       0x20 ./SDK_1.0.3_NUCLEO-F401RE/shared/Drivers/CMSIS/Source/system_stm32f4xx.o
 .debug_ranges  0x0000000000000060      0x138 ./SDK_1.0.3_NUCLEO-F401RE/shared/Drivers/STM32F401RE_StdPeriph_Driver/src/stm32f401re_adc.o
 .debug_ranges  0x0000000000000198       0x78 ./SDK_1.0.3_NUCLEO-F401RE/shared/Drivers/STM32F401RE_StdPeriph_Driver/src/stm32f401re_gpio.o
 .debug_ranges  0x0000000000000210      0x188 ./SDK_1.0.3_NUCLEO-F401RE/shared/Drivers/STM32F401RE_StdPeriph_Driver/src/stm32f401re_rcc.o
 .debug_ranges  0x0000000000000398      0x2e8 ./SDK_1.0.3_NUCLEO-F401RE/shared/Drivers/STM32F401RE_StdPeriph_Driver/src/stm32f401re_tim.o
 .debug_ranges  0x0000000000000680       0xf0 ./SDK_1.0.3_NUCLEO-F401RE/shared/Drivers/STM32F401RE_StdPeriph_Driver/src/stm32f401re_usart.o
 .debug_ranges  0x0000000000000770       0x60 ./SDK_1.0.3_NUCLEO-F401RE/shared/Middle/rtos/timer.o
 .debug_ranges  0x00000000000007d0       0x70 ./SDK_1.0.3_NUCLEO-F401RE/shared/Middle/serial/serial.o
 .debug_ranges  0x0000000000000840       0x38 ./SDK_1.0.3_NUCLEO-F401RE/shared/Middle/ucglib/Ucglib.o
 .debug_ranges  0x0000000000000878       0x38 ./SDK_1.0.3_NUCLEO-F401RE/shared/Middle/ucglib/ucg_box.o
 .debug_ranges  0x00000000000008b0       0x20 ./SDK_1.0.3_NUCLEO-F401RE/shared/Middle/ucglib/ucg_ccs.o
 .debug_ranges  0x00000000000008d0       0x40 ./SDK_1.0.3_NUCLEO-F401RE/shared/Middle/ucglib/ucg_clip.o
 .debug_ranges  0x0000000000000910       0x90 ./SDK_1.0.3_NUCLEO-F401RE/shared/Middle/ucglib/ucg_com_msg_api.o
 .debug_ranges  0x00000000000009a0       0x38 ./SDK_1.0.3_NUCLEO-F401RE/shared/Middle/ucglib/ucg_dev_default_cb.o
 .debug_ranges  0x00000000000009d8       0x30 ./SDK_1.0.3_NUCLEO-F401RE/shared/Middle/ucglib/ucg_dev_ic_st7735.o
 .debug_ranges  0x0000000000000a08       0x50 ./SDK_1.0.3_NUCLEO-F401RE/shared/Middle/ucglib/ucg_dev_msg_api.o
 .debug_ranges  0x0000000000000a58       0x10 ./SDK_1.0.3_NUCLEO-F401RE/shared/Middle/ucglib/ucg_dev_tft_128x128_st7735.o
 .debug_ranges  0x0000000000000a68      0x158 ./SDK_1.0.3_NUCLEO-F401RE/shared/Middle/ucglib/ucg_font.o
 .debug_ranges  0x0000000000000bc0       0x18 ./SDK_1.0.3_NUCLEO-F401RE/shared/Middle/ucglib/ucg_init.o
 .debug_ranges  0x0000000000000bd8       0x38 ./SDK_1.0.3_NUCLEO-F401RE/shared/Middle/ucglib/ucg_line.o
 .debug_ranges  0x0000000000000c10       0x18 ./SDK_1.0.3_NUCLEO-F401RE/shared/Middle/ucglib/ucg_pixel.o
 .debug_ranges  0x0000000000000c28       0x58 ./SDK_1.0.3_NUCLEO-F401RE/shared/Middle/ucglib/ucg_rotate.o
 .debug_ranges  0x0000000000000c80       0x40 ./SDK_1.0.3_NUCLEO-F401RE/shared/Utilities/buff.o
 .debug_ranges  0x0000000000000cc0       0x38 ./SDK_1.0.3_NUCLEO-F401RE/shared/Utilities/utilities.o
 .debug_ranges  0x0000000000000cf8       0x48 ./Src/main.o
 .debug_ranges  0x0000000000000d40       0x10 ./Src/sysmem.o
 .debug_ranges  0x0000000000000d50       0x20 ./Startup/startup_stm32f401retx.o

.debug_macro    0x0000000000000000    0x10307
 .debug_macro   0x0000000000000000       0xec ./Kalman_filter/kalman_filter.o
 .debug_macro   0x00000000000000ec      0xab4 ./Kalman_filter/kalman_filter.o
 .debug_macro   0x0000000000000ba0       0x22 ./Kalman_filter/kalman_filter.o
 .debug_macro   0x0000000000000bc2       0x4c ./Kalman_filter/kalman_filter.o
 .debug_macro   0x0000000000000c0e       0x18 ./Kalman_filter/kalman_filter.o
 .debug_macro   0x0000000000000c26       0x94 ./Kalman_filter/kalman_filter.o
 .debug_macro   0x0000000000000cba       0x3c ./Kalman_filter/kalman_filter.o
 .debug_macro   0x0000000000000cf6       0x34 ./Kalman_filter/kalman_filter.o
 .debug_macro   0x0000000000000d2a      0x174 ./Kalman_filter/kalman_filter.o
 .debug_macro   0x0000000000000e9e       0x16 ./Kalman_filter/kalman_filter.o
 .debug_macro   0x0000000000000eb4       0x43 ./Kalman_filter/kalman_filter.o
 .debug_macro   0x0000000000000ef7       0x57 ./Kalman_filter/kalman_filter.o
 .debug_macro   0x0000000000000f4e       0x34 ./Kalman_filter/kalman_filter.o
 .debug_macro   0x0000000000000f82       0x10 ./Kalman_filter/kalman_filter.o
 .debug_macro   0x0000000000000f92       0x58 ./Kalman_filter/kalman_filter.o
 .debug_macro   0x0000000000000fea       0x71 ./Kalman_filter/kalman_filter.o
 .debug_macro   0x000000000000105b       0x1c ./Kalman_filter/kalman_filter.o
 .debug_macro   0x0000000000001077      0x12a ./Kalman_filter/kalman_filter.o
 .debug_macro   0x00000000000011a1      0x339 ./Kalman_filter/kalman_filter.o
 .debug_macro   0x00000000000014da      0x1a9 ./Kalman_filter/kalman_filter.o
 .debug_macro   0x0000000000001683       0xce ./SDK_1.0.3_NUCLEO-F401RE/shared/Drivers/CMSIS/Source/system_stm32f4xx.o
 .debug_macro   0x0000000000001751       0x6b ./SDK_1.0.3_NUCLEO-F401RE/shared/Drivers/CMSIS/Source/system_stm32f4xx.o
 .debug_macro   0x00000000000017bc       0x3b ./SDK_1.0.3_NUCLEO-F401RE/shared/Drivers/CMSIS/Source/system_stm32f4xx.o
 .debug_macro   0x00000000000017f7       0x8e ./SDK_1.0.3_NUCLEO-F401RE/shared/Drivers/CMSIS/Source/system_stm32f4xx.o
 .debug_macro   0x0000000000001885       0x51 ./SDK_1.0.3_NUCLEO-F401RE/shared/Drivers/CMSIS/Source/system_stm32f4xx.o
 .debug_macro   0x00000000000018d6      0x103 ./SDK_1.0.3_NUCLEO-F401RE/shared/Drivers/CMSIS/Source/system_stm32f4xx.o
 .debug_macro   0x00000000000019d9       0x6a ./SDK_1.0.3_NUCLEO-F401RE/shared/Drivers/CMSIS/Source/system_stm32f4xx.o
 .debug_macro   0x0000000000001a43      0x1df ./SDK_1.0.3_NUCLEO-F401RE/shared/Drivers/CMSIS/Source/system_stm32f4xx.o
 .debug_macro   0x0000000000001c22       0x34 ./SDK_1.0.3_NUCLEO-F401RE/shared/Drivers/CMSIS/Source/system_stm32f4xx.o
 .debug_macro   0x0000000000001c56       0x26 ./SDK_1.0.3_NUCLEO-F401RE/shared/Drivers/CMSIS/Source/system_stm32f4xx.o
 .debug_macro   0x0000000000001c7c      0xe43 ./SDK_1.0.3_NUCLEO-F401RE/shared/Drivers/CMSIS/Source/system_stm32f4xx.o
 .debug_macro   0x0000000000002abf     0x8018 ./SDK_1.0.3_NUCLEO-F401RE/shared/Drivers/CMSIS/Source/system_stm32f4xx.o
 .debug_macro   0x000000000000aad7      0x14d ./SDK_1.0.3_NUCLEO-F401RE/shared/Drivers/STM32F401RE_StdPeriph_Driver/src/stm32f401re_adc.o
 .debug_macro   0x000000000000ac24      0xca7 ./SDK_1.0.3_NUCLEO-F401RE/shared/Drivers/STM32F401RE_StdPeriph_Driver/src/stm32f401re_adc.o
 .debug_macro   0x000000000000b8cb      0x64a ./SDK_1.0.3_NUCLEO-F401RE/shared/Drivers/STM32F401RE_StdPeriph_Driver/src/stm32f401re_adc.o
 .debug_macro   0x000000000000bf15       0xc3 ./SDK_1.0.3_NUCLEO-F401RE/shared/Drivers/STM32F401RE_StdPeriph_Driver/src/stm32f401re_gpio.o
 .debug_macro   0x000000000000bfd8      0x2ee ./SDK_1.0.3_NUCLEO-F401RE/shared/Drivers/STM32F401RE_StdPeriph_Driver/src/stm32f401re_gpio.o
 .debug_macro   0x000000000000c2c6      0x18d ./SDK_1.0.3_NUCLEO-F401RE/shared/Drivers/STM32F401RE_StdPeriph_Driver/src/stm32f401re_rcc.o
 .debug_macro   0x000000000000c453      0x644 ./SDK_1.0.3_NUCLEO-F401RE/shared/Drivers/STM32F401RE_StdPeriph_Driver/src/stm32f401re_rcc.o
 .debug_macro   0x000000000000ca97       0xe4 ./SDK_1.0.3_NUCLEO-F401RE/shared/Drivers/STM32F401RE_StdPeriph_Driver/src/stm32f401re_tim.o
 .debug_macro   0x000000000000cb7b      0x73b ./SDK_1.0.3_NUCLEO-F401RE/shared/Drivers/STM32F401RE_StdPeriph_Driver/src/stm32f401re_tim.o
 .debug_macro   0x000000000000d2b6       0xdb ./SDK_1.0.3_NUCLEO-F401RE/shared/Drivers/STM32F401RE_StdPeriph_Driver/src/stm32f401re_usart.o
 .debug_macro   0x000000000000d391      0x21d ./SDK_1.0.3_NUCLEO-F401RE/shared/Drivers/STM32F401RE_StdPeriph_Driver/src/stm32f401re_usart.o
 .debug_macro   0x000000000000d5ae       0xe3 ./SDK_1.0.3_NUCLEO-F401RE/shared/Middle/rtos/timer.o
 .debug_macro   0x000000000000d691       0x1c ./SDK_1.0.3_NUCLEO-F401RE/shared/Middle/rtos/timer.o
 .debug_macro   0x000000000000d6ad      0x10a ./SDK_1.0.3_NUCLEO-F401RE/shared/Middle/serial/serial.o
 .debug_macro   0x000000000000d7b7      0x16a ./SDK_1.0.3_NUCLEO-F401RE/shared/Middle/serial/serial.o
 .debug_macro   0x000000000000d921      0x223 ./SDK_1.0.3_NUCLEO-F401RE/shared/Middle/serial/serial.o
 .debug_macro   0x000000000000db44      0x141 ./SDK_1.0.3_NUCLEO-F401RE/shared/Middle/ucglib/Ucglib.o
 .debug_macro   0x000000000000dc85      0x301 ./SDK_1.0.3_NUCLEO-F401RE/shared/Middle/ucglib/Ucglib.o
 .debug_macro   0x000000000000df86       0x84 ./SDK_1.0.3_NUCLEO-F401RE/shared/Middle/ucglib/ucg_box.o
 .debug_macro   0x000000000000e00a       0x84 ./SDK_1.0.3_NUCLEO-F401RE/shared/Middle/ucglib/ucg_ccs.o
 .debug_macro   0x000000000000e08e       0x84 ./SDK_1.0.3_NUCLEO-F401RE/shared/Middle/ucglib/ucg_clip.o
 .debug_macro   0x000000000000e112       0x84 ./SDK_1.0.3_NUCLEO-F401RE/shared/Middle/ucglib/ucg_com_msg_api.o
 .debug_macro   0x000000000000e196       0x84 ./SDK_1.0.3_NUCLEO-F401RE/shared/Middle/ucglib/ucg_dev_default_cb.o
 .debug_macro   0x000000000000e21a       0x84 ./SDK_1.0.3_NUCLEO-F401RE/shared/Middle/ucglib/ucg_dev_ic_st7735.o
 .debug_macro   0x000000000000e29e       0x88 ./SDK_1.0.3_NUCLEO-F401RE/shared/Middle/ucglib/ucg_dev_msg_api.o
 .debug_macro   0x000000000000e326       0x84 ./SDK_1.0.3_NUCLEO-F401RE/shared/Middle/ucglib/ucg_dev_tft_128x128_st7735.o
 .debug_macro   0x000000000000e3aa      0x167 ./SDK_1.0.3_NUCLEO-F401RE/shared/Middle/ucglib/ucg_font.o
 .debug_macro   0x000000000000e511       0x52 ./SDK_1.0.3_NUCLEO-F401RE/shared/Middle/ucglib/ucg_font.o
 .debug_macro   0x000000000000e563       0x10 ./SDK_1.0.3_NUCLEO-F401RE/shared/Middle/ucglib/ucg_font.o
 .debug_macro   0x000000000000e573       0x35 ./SDK_1.0.3_NUCLEO-F401RE/shared/Middle/ucglib/ucg_font.o
 .debug_macro   0x000000000000e5a8       0x20 ./SDK_1.0.3_NUCLEO-F401RE/shared/Middle/ucglib/ucg_font.o
 .debug_macro   0x000000000000e5c8      0x152 ./SDK_1.0.3_NUCLEO-F401RE/shared/Middle/ucglib/ucg_init.o
 .debug_macro   0x000000000000e71a       0x84 ./SDK_1.0.3_NUCLEO-F401RE/shared/Middle/ucglib/ucg_line.o
 .debug_macro   0x000000000000e79e       0x84 ./SDK_1.0.3_NUCLEO-F401RE/shared/Middle/ucglib/ucg_pixel.o
 .debug_macro   0x000000000000e822       0x84 ./SDK_1.0.3_NUCLEO-F401RE/shared/Middle/ucglib/ucg_pixel_font_data.o