uartcmd.c:70:6:EventSerial_Init	8	static
uartcmd.c:82:1:EventSerial_SetEventLedCallback	16	static
uartcmd.c:95:1:EventSerial_SetEventButtonCallback	16	static
uartcmd.c:108:1:EventSerial_SetEventBuzzerCallback	16	static
uartcmd.c:121:1:EventSerial_SetEventLcdCallback	16	static
uartcmd.c:134:1:procUartCmd	24	static
uartcmd.c:173:1:uartReceiveControlLed_Set	32	static
uartcmd.c:201:1:processUartReceiveCommand_ControlLed	16	static
uartcmd.c:226:1:uartReceiveControlBuzzer_Set	16	static
uartcmd.c:251:1:processUartReceiveCommand_ControlBuzzer	16	static
uartcmd.c:276:1:uartReceiveControlButton_Set	16	static
uartcmd.c:300:1:processUartReceiveCommand_ControlButton	16	static
uartcmd.c:325:1:uartReceiveControlLcd_Set	24	static
uartcmd.c:360:1:processUartReceiveCommand_ControlLcd	16	static
