main.c:135:5:main	16	static
main.c:158:15:delay_ms	24	static
main.c:173:15:ledBuzzer_Init	16	static
main.c:206:15:interruptPA4_Init	32	static
main.c:250:15:interruptPA0_Init	32	static
main.c:295:15:interruptPB3_Init	32	static
main.c:340:8:EXTI4_IRQHandler	8	static
main.c:360:8:EXTI3_IRQHandler	8	static
main.c:383:8:EXTI0_IRQHandler	8	static
main.c:404:15:ledControlStatus	16	static
main.c:422:15:buzzerControlSetBeep	32	static
main.c:438:14:calculatorTime	24	static
main.c:455:15:toggleLed_5Times	24	static
main.c:479:15:blinkLedStatusPower	32	static
main.c:498:15:LedControl_TimPressRealease	16	static
