main.c:136:5:main	16	static
main.c:159:15:delay_ms	24	static
main.c:174:15:ledBuzzer_Init	16	static
main.c:207:15:interruptPA4_Init	32	static
main.c:251:15:interruptPA0_Init	32	static
main.c:296:15:interruptPB3_Init	32	static
main.c:341:8:EXTI4_IRQHandler	8	static
main.c:361:8:EXTI3_IRQHandler	8	static
main.c:384:8:EXTI0_IRQHandler	8	static
main.c:405:15:ledControlStatus	16	static
main.c:423:15:buzzerControlSetBeep	32	static
main.c:439:14:calculatorTime	24	static
main.c:456:15:toggleLed_5Times	24	static
main.c:480:15:blinkLedStatusPower	32	static
main.c:499:15:LedControl_TimPressRealease	16	static
