12:51:42 **** Incremental Build of configuration Debug for project TS_CURTAIN_MCU_V1.0.0 ****
make -j4 all 
arm-none-eabi-gcc "../Src/main.c" -mcpu=cortex-m4 -std=gnu11 -g3 -DDEBUG -DNUCLEO_F401RE -DSTM32 -DSTM32F401RETx -DSTM32F4 -c -I"E:/Funix_302_iot/Thuvien/SDK_1.0.3_NUCLEO-F401RE/shared/Drivers/CMSIS/Include" -I"E:/Funix_302_iot/Thuvien/SDK_1.0.3_NUCLEO-F401RE/shared/Drivers/STM32F401RE_StdPeriph_Driver/inc" -I"E:/Funix_302_iot/Thuvien/SDK_1.0.3_NUCLEO-F401RE/shared/Middle/button" -I"E:/Funix_302_iot/Thuvien/SDK_1.0.3_NUCLEO-F401RE/shared/Middle/buzzer" -I"E:/Funix_302_iot/Thuvien/SDK_1.0.3_NUCLEO-F401RE/shared/Middle/led" -I"E:/Funix_302_iot/Thuvien/SDK_1.0.3_NUCLEO-F401RE/shared/Middle/rtos" -I"E:/Funix_302_iot/Thuvien/SDK_1.0.3_NUCLEO-F401RE/shared/Middle/sensor" -I"E:/Funix_302_iot/Thuvien/SDK_1.0.3_NUCLEO-F401RE/shared/Middle/serial" -I"E:/Funix_302_iot/Thuvien/SDK_1.0.3_NUCLEO-F401RE/shared/Middle/ucglib" -I"E:/Funix_302_iot/Thuvien/SDK_1.0.3_NUCLEO-F401RE/shared/Utilities" -O0 -ffunction-sections -fdata-sections -Wall -fstack-usage -MMD -MP -MF"Src/main.d" -MT"Src/main.o" --specs=nano.specs -mfpu=fpv4-sp-d16 -mfloat-abi=hard -mthumb -o "Src/main.o"
arm-none-eabi-gcc -o "TS_CURTAIN_MCU_V1.0.0.elf" @"objects.list"  -lLibraries -mcpu=cortex-m4 -T"E:\Funix_303_iot\Assignment\TS_CURTAIN_MCU_V1.0.0\TS_CURTAIN_MCU_V1.0.0\STM32F401RETX_FLASH.ld" --specs=nosys.specs -Wl,-Map="TS_CURTAIN_MCU_V1.0.0.map" -Wl,--gc-sections -static -L"E:\Funix_302_iot\Thuvien\SDK_1.0.3_NUCLEO-F401RE\lib_stm" --specs=nano.specs -mfpu=fpv4-sp-d16 -mfloat-abi=hard -mthumb -Wl,--start-group -lc -lm -Wl,--end-group
Finished building target: TS_CURTAIN_MCU_V1.0.0.elf
 
arm-none-eabi-size   TS_CURTAIN_MCU_V1.0.0.elf 
arm-none-eabi-objdump -h -S  TS_CURTAIN_MCU_V1.0.0.elf  > "TS_CURTAIN_MCU_V1.0.0.list"
arm-none-eabi-objcopy  -O binary  TS_CURTAIN_MCU_V1.0.0.elf  "TS_CURTAIN_MCU_V1.0.0.bin"
   text	   data	    bss	    dec	    hex	filename
   4588	     44	   1996	   6628	   19e4	TS_CURTAIN_MCU_V1.0.0.elf
Finished building: default.size.stdout
 
Finished building: TS_CURTAIN_MCU_V1.0.0.bin
 
Finished building: TS_CURTAIN_MCU_V1.0.0.list
 

12:51:43 Build Finished. 0 errors, 0 warnings. (took 1s.263ms)

